{
  "routes":{
    "2001:db8::1/128":{
      "isBestRoute":true,
      "destinationType":"N",
      "pathType":"IE",
      "nextHops":[
        {
          "interfaceName":"eth-rt2"
        }
      ]
    },
    "2001:db8::2/128":{
      "isBestRoute":true,
      "destinationType":"N",
      "pathType":"IE",
      "nextHops":[
        {
          "interfaceName":"eth-rt2"
        }
      ]
    },
    "2001:db8::3/128":{
      "isBestRoute":true,
      "destinationType":"N",
      "pathType":"IA",
      "nextHops":[
        {
          "interfaceName":"lo"
        }
      ]
    },
    "2001:db8::4/128":{
      "isBestRoute":true,
      "destinationType":"N",
      "pathType":"IE",
      "nextHops":[
        {
          "interfaceName":"eth-rt2"
        }
      ]
    }
  }
}
