{
  "16010":{
    "inLabel":16010,
    "installed":true,
    "nexthops":[
      {
        "type":"SR (OSPF)",
        "outLabel":3,
        "installed":true,
        "nexthop":"10.0.1.1"
      }
    ]
  },
  "16020":{
    "inLabel":16020,
    "installed":true,
    "nexthops":[
      {
        "type":"SR (OSPF)",
        "outLabel":3,
        "installed":true
      }
    ]
  },
  "16030":{
    "inLabel":16030,
    "installed":true,
    "nexthops":[
      {
        "type":"SR (OSPF)",
        "outLabel":17030,
        "installed":true,
        "nexthop":"10.0.1.3"
      }
    ]
  },
  "16040":{
    "inLabel":16040,
    "installed":true,
    "nexthops":[
      {
        "type":"SR (OSPF)",
        "outLabel":16040,
        "installed":true,
        "nexthop":"10.0.2.4"
      },
      {
        "type":"SR (OSPF)",
        "outLabel":16040,
        "installed":true,
        "nexthop":"10.0.3.4"
      }
    ]
  },
  "16050":{
    "inLabel":16050,
    "installed":true,
    "nexthops":[
      {
        "type":"SR (OSPF)",
        "outLabel":16050,
        "installed":true,
        "nexthop":"10.0.2.4"
      },
      {
        "type":"SR (OSPF)",
        "outLabel":16050,
        "installed":true,
        "nexthop":"10.0.3.4"
      },
      {
        "type":"SR (OSPF)",
        "outLabel":17050,
        "installed":true,
        "nexthop":"10.0.1.3"
      }
    ]
  },
  "16060":{
    "inLabel":16060,
    "installed":true,
    "nexthops":[
      {
        "type":"SR (OSPF)",
        "outLabel":16060,
        "installed":true,
        "nexthop":"10.0.2.4"
      },
      {
        "type":"SR (OSPF)",
        "outLabel":16060,
        "installed":true,
        "nexthop":"10.0.3.4"
      }
    ]
  }
}
