Codes: R - RIPng, C - connected, S - Static, O - OSPF, B - BGP
Sub-codes:
      (n) - normal, (s) - static, (d) - default, (r) - redistribute,
      (i) - interface, (a/S) - aggregated/Suppressed

   Network      Next Hop                      Via     Metric Tag Time
R(n) fc00:5::/64
                  fe80::XXXX:XXXX:XXXX:XXXX   r3-eth1    2    0  XX:XX
C(i) fc00:6::/62
                  ::                          self       1    0
C(r) fc00:7::/64
                  ::                          self       1    0
S(r) fc00:7:1111::/64
                  ::                          self       1    0
