 Inbound                            Outbound
   Label     Type          Nexthop     Label
--------  -------  ---------------  --------
      16      LDP         10.0.2.2         3
      16      LDP         10.0.3.2         3
      17      LDP         10.0.2.2         3
      17      LDP         10.0.3.2         3
      18      LDP         10.0.2.2        17
      18      LDP         10.0.3.2        17
      19      LDP         10.0.2.4         3
