{
  "1": {
    "level-1":[
      {
        "source":"0000.0000.0002",
        "neighbor":"0000.0000.0004.00",
        "srlgs":[
          100
        ]
      },
      {
        "source":"0000.0000.0002",
        "neighbor":"0000.0000.0004.00",
        "srlgs":[
          100
        ]
      },
      {
        "source":"0000.0000.0004",
        "neighbor":"0000.0000.0002.00",
        "srlgs":[
          100
        ]
      },
      {
        "source":"0000.0000.0004",
        "neighbor":"0000.0000.0002.00",
        "srlgs":[
          100
        ]
      }
    ]
  }
}
