{
  "fc00:0:0:1::1\/128":[
    {
      "prefix":"fc00:0:0:1::1\/128",
      "protocol":"isis",
      "selected":true,
      "destSelected":true,
      "distance":115,
      "metric":40,
      "installed":true,
      "nexthops":[
        {
          "fib":true,
          "afi":"ipv6",
          "interfaceName":"eth-rt4",
          "active":true
        },
        {
          "fib":true,
          "afi":"ipv6",
          "interfaceName":"eth-rt5",
          "active":true
        }
      ]
    }
  ],
  "fc00:0:0:2::1\/128":[
    {
      "prefix":"fc00:0:0:2::1\/128",
      "protocol":"isis",
      "selected":true,
      "destSelected":true,
      "distance":115,
      "metric":30,
      "installed":true,
      "nexthops":[
        {
          "fib":true,
          "afi":"ipv6",
          "interfaceName":"eth-rt4",
          "active":true
        }
      ]
    }
  ],
  "fc00:0:0:3::1\/128":[
    {
      "prefix":"fc00:0:0:3::1\/128",
      "protocol":"isis",
      "selected":true,
      "destSelected":true,
      "distance":115,
      "metric":30,
      "installed":true,
      "nexthops":[
        {
          "fib":true,
          "afi":"ipv6",
          "interfaceName":"eth-rt5",
          "active":true
        }
      ]
    }
  ],
  "fc00:0:0:4::1\/128":[
    {
      "prefix":"fc00:0:0:4::1\/128",
      "protocol":"isis",
      "selected":true,
      "destSelected":true,
      "distance":115,
      "metric":20,
      "installed":true,
      "nexthops":[
        {
          "fib":true,
          "afi":"ipv6",
          "interfaceName":"eth-rt4",
          "active":true
        }
      ]
    }
  ],
  "fc00:0:0:5::1\/128":[
    {
      "prefix":"fc00:0:0:5::1\/128",
      "protocol":"isis",
      "selected":true,
      "destSelected":true,
      "distance":115,
      "metric":20,
      "installed":true,
      "nexthops":[
        {
          "fib":true,
          "afi":"ipv6",
          "interfaceName":"eth-rt5",
          "active":true
        }
      ]
    }
  ],
"fc00:0:0:1::/64":[
    {
      "prefix":"fc00:0:0:1::/64",
      "protocol":"isis",
      "selected":true,
      "destSelected":true,
      "distance":115,
      "metric":30,
      "installed":true,
      "nexthops":[
        {
          "fib":true,
          "afi":"ipv6",
          "interfaceName":"eth-rt4",
          "active":true
        },
        {
          "fib":true,
          "afi":"ipv6",
          "interfaceName":"eth-rt5",
          "active":true
        }
      ]
    }
  ],
"fc00:0:0:2::/64":[
    {
      "prefix":"fc00:0:0:2::\/64",
      "protocol":"isis",
      "selected":true,
      "destSelected":true,
      "distance":115,
      "metric":20,
      "installed":true,
      "nexthops":[
        {
          "fib":true,
          "afi":"ipv6",
          "interfaceName":"eth-rt4",
          "active":true
        }
      ]
    }
  ],
"fc00:0:0:3::/64":[
    {
      "prefix":"fc00:0:0:3::\/64",
      "protocol":"isis",
      "selected":true,
      "destSelected":true,
      "distance":115,
      "metric":20,
      "installed":true,
      "nexthops":[
        {
          "fib":true,
          "afi":"ipv6",
          "interfaceName":"eth-rt5",
          "active":true
        }
      ]
    }
  ],
"fc00:0:0:4::/64":[
    {
      "prefix":"fc00:0:0:4::\/64",
      "protocol":"isis",
      "selected":true,
      "destSelected":true,
      "distance":115,
      "metric":10,
      "installed":true,
      "nexthops":[
        {
          "fib":true,
          "afi":"ipv6",
          "interfaceName":"eth-rt4",
          "active":true
        }
      ]
    }
  ],
"fc00:0:0:5::/64":[
    {
      "prefix":"fc00:0:0:5::\/64",
      "protocol":"isis",
      "selected":true,
      "destSelected":true,
      "distance":115,
      "metric":10,
      "installed":true,
      "nexthops":[
        {
          "fib":true,
          "afi":"ipv6",
          "interfaceName":"eth-rt5",
          "active":true
        }
      ]
    }
  ],
"fc00:0:0:6:40::/128":[
    {
      "prefix":"fc00:0:0:6:40::\/128",
      "protocol":"isis",
      "selected":true,
      "destSelected":true,
      "distance":115,
      "metric":0,
      "installed":true,
      "nexthops":[
        {
          "fib":true,
          "directlyConnected":true,
          "interfaceName":"sr0",
          "active":true,
          "seg6local":{
            "action":"End"
          }
        }
      ]
    }
  ],
  "fc00:0:0:6:41::\/128":[
    {
      "prefix":"fc00:0:0:6:41::/128",
      "protocol":"isis",
      "selected":true,
      "destSelected":true,
      "distance":115,
      "metric":0,
      "installed":true,
      "nexthops":[
        {
          "fib":true,
          "directlyConnected":true,
          "active":true,
          "seg6local":{
            "action":"End.X"
          }
        }
      ]
    }
  ],
  "fc00:0:0:6:42::\/128":[
    {
      "prefix":"fc00:0:0:6:42::/128",
      "protocol":"isis",
      "selected":true,
      "destSelected":true,
      "distance":115,
      "metric":0,
      "installed":true,
      "nexthops":[
        {
          "fib":true,
          "directlyConnected":true,
          "active":true,
          "seg6local":{
            "action":"End.X"
          }
        }
      ]
    }
  ],
  "fc00:0:0:6:ff2c::/128":[
    {
      "prefix":"fc00:0:0:6:ff2c::/128",
      "protocol":"bgp",
      "selected":true,
      "destSelected":true,
      "distance":20,
      "metric":0,
      "installed":true,
      "nexthops":[
        {
          "fib":true,
          "directlyConnected":true,
          "interfaceName":"vrf10",
          "active":true,
          "seg6local":{
            "action":"End.DT6"
          }
        }
      ]
    }
  ],
  "fc00:0:0:6:ff2d::/128":[
    {
      "prefix":"fc00:0:0:6:ff2d::/128",
      "protocol":"bgp",
      "selected":true,
      "destSelected":true,
      "distance":20,
      "metric":0,
      "installed":true,
      "nexthops":[
        {
          "fib":true,
          "directlyConnected":true,
          "interfaceName":"vrf20",
          "active":true,
          "seg6local":{
            "action":"End.DT6"
          }
        }
      ]
    }
  ]
}
