{
  "2.2.2.2\/32":[
    {
      "prefix":"2.2.2.2\/32",
      "protocol":"isis",
      "selected":true,
      "destSelected":true,
      "distance":115,
      "metric":20,
      "installed":true,
      "nexthops":[
        {
          "fib":true,
          "ip":"10.0.1.2",
          "afi":"ipv4",
          "interfaceName":"eth-sw1",
          "active":true,
          "labels":[
            3
          ]
        }
      ]
    }
  ],
  "3.3.3.3\/32":[
    {
      "prefix":"3.3.3.3\/32",
      "protocol":"isis",
      "selected":true,
      "destSelected":true,
      "distance":115,
      "metric":20,
      "installed":true,
      "nexthops":[
        {
          "fib":true,
          "ip":"10.0.1.3",
          "afi":"ipv4",
          "interfaceName":"eth-sw1",
          "active":true,
          "labels":[
            3
          ]
        }
      ]
    }
  ],
  "4.4.4.4\/32":[
    {
      "prefix":"4.4.4.4\/32",
      "protocol":"isis",
      "selected":true,
      "destSelected":true,
      "distance":115,
      "metric":30,
      "installed":true,
      "nexthops":[
        {
          "fib":true,
          "ip":"10.0.1.2",
          "afi":"ipv4",
          "interfaceName":"eth-sw1",
          "active":true
        }
      ]
    }
  ],
  "5.5.5.5\/32":[
    {
      "prefix":"5.5.5.5\/32",
      "protocol":"isis",
      "selected":true,
      "destSelected":true,
      "distance":115,
      "metric":30,
      "installed":true,
      "nexthops":[
        {
          "fib":true,
          "ip":"10.0.1.3",
          "afi":"ipv4",
          "interfaceName":"eth-sw1",
          "active":true,
          "labels":[
            16050
          ]
        }
      ]
    }
  ],
  "6.6.6.6\/32":[
    {
      "prefix":"6.6.6.6\/32",
      "protocol":"isis",
      "selected":true,
      "destSelected":true,
      "distance":115,
      "metric":40,
      "installed":true,
      "nexthops":[
        {
          "fib":true,
          "ip":"10.0.1.2",
          "afi":"ipv4",
          "interfaceName":"eth-sw1",
          "active":true,
          "labels":[
            16060
          ]
        },
        {
          "fib":true,
          "ip":"10.0.1.3",
          "afi":"ipv4",
          "interfaceName":"eth-sw1",
          "active":true,
          "labels":[
            16060
          ]
        }
      ]
    }
  ],
  "10.0.1.0\/24":[
    {
      "prefix":"10.0.1.0\/24",
      "protocol":"isis",
      "distance":115,
      "metric":20,
      "nexthops":[
        {
          "ip":"10.0.1.2",
          "afi":"ipv4",
          "interfaceName":"eth-sw1"
        },
        {
          "ip":"10.0.1.3",
          "afi":"ipv4",
          "interfaceName":"eth-sw1"
        }
      ]
    }
  ],
  "10.0.2.0\/24":[
    {
      "prefix":"10.0.2.0\/24",
      "protocol":"isis",
      "selected":true,
      "destSelected":true,
      "distance":115,
      "metric":20,
      "installed":true,
      "nexthops":[
        {
          "fib":true,
          "ip":"10.0.1.2",
          "afi":"ipv4",
          "interfaceName":"eth-sw1",
          "active":true
        }
      ]
    }
  ],
  "10.0.3.0\/24":[
    {
      "prefix":"10.0.3.0\/24",
      "protocol":"isis",
      "selected":true,
      "destSelected":true,
      "distance":115,
      "metric":20,
      "installed":true,
      "nexthops":[
        {
          "fib":true,
          "ip":"10.0.1.2",
          "afi":"ipv4",
          "interfaceName":"eth-sw1",
          "active":true
        }
      ]
    }
  ],
  "10.0.4.0\/24":[
    {
      "prefix":"10.0.4.0\/24",
      "protocol":"isis",
      "selected":true,
      "destSelected":true,
      "distance":115,
      "metric":20,
      "installed":true,
      "nexthops":[
        {
          "fib":true,
          "ip":"10.0.1.3",
          "afi":"ipv4",
          "interfaceName":"eth-sw1",
          "active":true
        }
      ]
    }
  ],
  "10.0.5.0\/24":[
    {
      "prefix":"10.0.5.0\/24",
      "protocol":"isis",
      "selected":true,
      "destSelected":true,
      "distance":115,
      "metric":20,
      "installed":true,
      "nexthops":[
        {
          "fib":true,
          "ip":"10.0.1.3",
          "afi":"ipv4",
          "interfaceName":"eth-sw1",
          "active":true
        }
      ]
    }
  ],
  "10.0.6.0\/24":[
    {
      "prefix":"10.0.6.0\/24",
      "protocol":"isis",
      "selected":true,
      "destSelected":true,
      "distance":115,
      "metric":30,
      "installed":true,
      "nexthops":[
        {
          "fib":true,
          "ip":"10.0.1.2",
          "afi":"ipv4",
          "interfaceName":"eth-sw1",
          "active":true
        },
        {
          "fib":true,
          "ip":"10.0.1.3",
          "afi":"ipv4",
          "interfaceName":"eth-sw1",
          "active":true
        }
      ]
    }
  ],
  "10.0.7.0\/24":[
    {
      "prefix":"10.0.7.0\/24",
      "protocol":"isis",
      "selected":true,
      "destSelected":true,
      "distance":115,
      "metric":30,
      "installed":true,
      "nexthops":[
        {
          "fib":true,
          "ip":"10.0.1.2",
          "afi":"ipv4",
          "interfaceName":"eth-sw1",
          "active":true
        }
      ]
    }
  ],
  "10.0.8.0\/24":[
    {
      "prefix":"10.0.8.0\/24",
      "protocol":"isis",
      "selected":true,
      "destSelected":true,
      "distance":115,
      "metric":30,
      "installed":true,
      "nexthops":[
        {
          "fib":true,
          "ip":"10.0.1.3",
          "afi":"ipv4",
          "interfaceName":"eth-sw1",
          "active":true
        }
      ]
    }
  ]
}
