[
  {
    "peer": "10.0.2.2",
    "interface": "eth-rt3",
    "status": "up",
    "diagnostic": "ok",
    "remote-diagnostic": "ok"
  },
  {
    "peer": "10.0.1.2",
    "interface": "eth-rt2",
    "status": "up",
    "diagnostic": "ok",
    "remote-diagnostic": "ok"
  },
  {
    "interface": "eth-rt3",
    "status": "up",
    "diagnostic": "ok",
    "remote-diagnostic": "ok"
  },
  {
    "interface": "eth-rt2",
    "status": "up",
    "diagnostic": "ok",
    "remote-diagnostic": "ok"
  }
]
