[
  {
    "Endpoint":"10.254.0.10",
    "Color":1,
    "Status":"Active",
    "Local Label":516,
    "Segment List":"20109"
  },
  {
    "Endpoint":"10.254.0.10",
    "Color":2,
    "Status":"Active",
    "Local Label":517,
    "Segment List":"20209"
  },
  {
    "Endpoint":"2001:db8:f::a",
    "Color":3,
    "Status":"Active",
    "Local Label":518,
    "Segment List":"21309"
  },
  {
    "Endpoint":"2001:db8:f::a",
    "Color":4,
    "Status":"Active",
    "Local Label":519,
    "Segment List":"21409"
  }
]
