{
  "20100": {
    "inLabel": 20100,
    "installed": true,
    "nexthops": [
      {
        "type": "SR (IS-IS)",
        "outLabel": 20100,
        "installed": true,
        "nexthop": "10.34.0.5"
      },
      {
        "type": "SR (IS-IS)",
        "outLabel": 20100,
        "installed": true,
        "nexthop": "10.23.0.3"
      }
    ]
  },
  "20101": {
    "inLabel": 20101,
    "installed": true,
    "nexthops": [
      {
        "type": "SR (IS-IS)",
        "outLabel": 20101,
        "installed": true,
        "nexthop": "10.34.0.5"
      },
      {
        "type": "SR (IS-IS)",
        "outLabel": 20101,
        "installed": true,
        "nexthop": "10.23.0.3"
      }
    ]
  },
  "20300": {
    "inLabel": 20300,
    "installed": true,
    "nexthops": [
      {
        "type": "SR (IS-IS)",
        "outLabel": 20300,
        "installed": true,
        "nexthop": "10.23.0.3"
      }
    ]
  },
  "20301": {
    "inLabel": 20301,
    "installed": true,
    "nexthops": [
      {
        "type": "SR (IS-IS)",
        "outLabel": 20301,
        "installed": true,
        "nexthop": "10.23.0.3"
      }
    ]
  },
  "20305": {
    "inLabel": 20305,
    "installed": true,
    "nexthops": [
      {
        "type": "SR (IS-IS)",
        "outLabel": 20305,
        "installed": true,
        "nexthop": "10.39.0.10"
      },
      {
        "type": "SR (IS-IS)",
        "outLabel": 20305,
        "installed": true,
        "nexthop": "10.23.0.3"
      }
    ]
  },
  "20306": {
    "inLabel": 20306,
    "installed": true,
    "nexthops": [
      {
        "type": "SR (IS-IS)",
        "outLabel": 20306,
        "installed": true,
        "nexthop": "10.39.0.10"
      }
    ]
  },
  "20307": {
    "inLabel": 20307,
    "installed": true,
    "nexthops": [
      {
        "type": "SR (IS-IS)",
        "outLabel": 20307,
        "installed": true,
        "nexthop": "10.39.0.10"
      }
    ]
  },
  "21100": {
    "inLabel": 21100,
    "installed": true,
    "nexthops": [
      {
        "type": "SR (IS-IS)",
        "outLabel": 21100,
        "installed": true,
        "interface": "eth-4"
      },
      {
        "type": "SR (IS-IS)",
        "outLabel": 21100,
        "installed": true,
        "interface": "eth-2"
      }
    ]
  },
  "21101": {
    "inLabel": 21101,
    "installed": true,
    "nexthops": [
      {
        "type": "SR (IS-IS)",
        "outLabel": 21101,
        "installed": true,
        "interface": "eth-4"
      },
      {
        "type": "SR (IS-IS)",
        "outLabel": 21101,
        "installed": true,
        "interface": "eth-2"
      }
    ]
  },
  "21300": {
    "inLabel": 21300,
    "installed": true,
    "nexthops": [
      {
        "type": "SR (IS-IS)",
        "outLabel": 21300,
        "installed": true,
        "interface": "eth-2"
      }
    ]
  },
  "21301": {
    "inLabel": 21301,
    "installed": true,
    "nexthops": [
      {
        "type": "SR (IS-IS)",
        "outLabel": 21301,
        "installed": true,
        "interface": "eth-2"
      }
    ]
  },
  "21305": {
    "inLabel": 21305,
    "installed": true,
    "nexthops": [
      {
        "type": "SR (IS-IS)",
        "outLabel": 21305,
        "installed": true,
        "interface": "eth-9"
      },
      {
        "type": "SR (IS-IS)",
        "outLabel": 21305,
        "installed": true,
        "interface": "eth-2"
      }
    ]
  },
  "21306": {
    "inLabel": 21306,
    "installed": true,
    "nexthops": [
      {
        "type": "SR (IS-IS)",
        "outLabel": 21306,
        "installed": true,
        "interface": "eth-9"
      }
    ]
  },
  "21307": {
    "inLabel": 21307,
    "installed": true,
    "nexthops": [
      {
        "type": "SR (IS-IS)",
        "outLabel": 21307,
        "installed": true,
        "interface": "eth-9"
      }
    ]
  }
}
