{
  "16010":{
    "inLabel":16010,
    "installed":true,
    "nexthops":[
      {
        "type":"SR (IS-IS)",
        "outLabel":16010,
        "installed":true,
        "nexthop":"10.0.2.2"
      },
      {
        "type":"SR (IS-IS)",
        "outLabel":16010,
        "installed":true,
        "nexthop":"10.0.3.2"
      }
    ]
  },
  "16011":{
    "inLabel":16011,
    "installed":true,
    "nexthops":[
      {
        "type":"SR (IS-IS)",
        "outLabel":16011,
        "installed":true,
        "interface":"eth-rt2-1"
      },
      {
        "type":"SR (IS-IS)",
        "outLabel":16011,
        "installed":true,
        "interface":"eth-rt2-2"
      }
    ]
  },
  "16020":{
    "inLabel":16020,
    "installed":true,
    "nexthops":[
      {
        "type":"SR (IS-IS)",
        "outLabel":16020,
        "installed":true,
        "nexthop":"10.0.2.2"
      },
      {
        "type":"SR (IS-IS)",
        "outLabel":16020,
        "installed":true,
        "nexthop":"10.0.3.2"
      }
    ]
  },
  "16021":{
    "inLabel":16021,
    "installed":true,
    "nexthops":[
      {
        "type":"SR (IS-IS)",
        "outLabel":16021,
        "installed":true,
        "interface":"eth-rt2-1"
      },
      {
        "type":"SR (IS-IS)",
        "outLabel":16021,
        "installed":true,
        "interface":"eth-rt2-2"
      }
    ]
  },
  "16030":{
    "inLabel":16030,
    "installed":true,
    "nexthops":[
      {
        "type":"SR (IS-IS)",
        "outLabel":16030,
        "installed":true,
        "nexthop":"10.0.2.2"
      },
      {
        "type":"SR (IS-IS)",
        "outLabel":16030,
        "installed":true,
        "nexthop":"10.0.3.2"
      }
    ]
  },
  "16031":{
    "inLabel":16031,
    "installed":true,
    "nexthops":[
      {
        "type":"SR (IS-IS)",
        "outLabel":16031,
        "installed":true,
        "interface":"eth-rt2-1"
      },
      {
        "type":"SR (IS-IS)",
        "outLabel":16031,
        "installed":true,
        "interface":"eth-rt2-2"
      }
    ]
  },
  "16040":{
    "inLabel":16040,
    "installed":true,
    "nexthops":[
      {
        "type":"SR (IS-IS)",
        "outLabel":3,
        "installed":true
      }
    ]
  },
  "16041":{
    "inLabel":16041,
    "installed":true,
    "nexthops":[
      {
        "type":"SR (IS-IS)",
        "outLabel":3,
        "installed":true
      }
    ]
  },
  "16101":{
    "inLabel":16101,
    "installed":true,
    "nexthops":[
      {
        "type":"SR (IS-IS)",
        "outLabel":3,
        "installed":true
      }
    ]
  }
}
