{
  "r1-eth1":{
    "state":"labelExchangeNotComplete",
    "waitTime":10,
    "waitTimeRemaining":0,
    "timerRunning":false,
    "peerLdpId":""
  },
  "r1-eth2":{
    "state":"labelExchangeComplete",
    "waitTime":10,
    "waitTimeRemaining":0,
    "timerRunning":false,
    "peerLdpId":"3.3.3.3"
  }
}
