{
  "5:10":{
    "prefix":"2001:db9:10::/64",
    "advertisedTo":{
      "fc00:0:5::1":{
        "hostname":"rt5"
      },
      "fc00:0:6::1":{
        "hostname":"rt6"
      } 
    },
    "pathCount":1,
    "paths":[
      {
        "aspath":{
          "string":"5"
        },
        "origin":"incomplete",
        "metric":0,
        "valid":true,
        "bestpath":{
          "overall":true,
          "selectionReason":"First path received"
        },
        "extendedCommunity":{
          "string":"RT:99:99"
        },
        "remoteLabel":3,
        "remoteSid":"fc05:0:5:cece:2345::",
        "remoteSidStructure":{
          "locatorBlockLen":32,
          "locatorNodeLen":16,
          "functionLen":16,
          "argumentLen":0,
          "transpositionLen":0,
          "transpositionOffset":0
        },
        "nexthops":[
          {
            "ip":"fc00:0:5::1",
            "hostname":"rt5",
            "afi":"ipv6",
            "scope":"global",
            "metric":30,
            "accessible":true,
            "used":true
          }
        ],
        "peer":{
          "peerId":"fc00:0:5::1",
          "routerId":"5.5.5.5"
        }
      }
    ]
  }  
}
