{
  "interfaces":{
    "eth-rt1":{
      "ifUp":true,
      "ospfEnabled":true,
      "ipAddress":"10.0.1.2",
      "ipAddressPrefixlen":24,
      "area":"0.0.0.0",
      "routerId":"2.2.2.2",
      "networkType":"POINTOPOINT",
      "cost":10,
      "transmitDelaySecs":1,
      "state":"Down",
      "priority":1,
      "nbrCount":0,
      "nbrAdjacentCount":0
    },
    "eth-rt3":{
      "ifUp":true,
      "ospfEnabled":true,
      "ipAddress":"10.0.2.2",
      "ipAddressPrefixlen":24,
      "area":"0.0.0.1 [NSSA]",
      "routerId":"2.2.2.2",
      "networkType":"POINTOPOINT",
      "cost":10,
      "transmitDelaySecs":1,
      "state":"Down",
      "priority":1,
      "nbrCount":0,
      "nbrAdjacentCount":0
    },
    "eth-rt4":{
      "ifUp":true,
      "ospfEnabled":true,
      "ipAddress":"10.0.3.2",
      "ipAddressPrefixlen":24,
      "area":"0.0.0.2",
      "routerId":"2.2.2.2",
      "networkType":"POINTOPOINT",
      "cost":10,
      "transmitDelaySecs":1,
      "state":"Down",
      "priority":1,
      "nbrCount":0,
      "nbrAdjacentCount":0
    },
    "lo":{
      "ifUp":true,
      "ospfEnabled":true,
      "ipAddress":"2.2.2.2",
      "ipAddressPrefixlen":32,
      "area":"0.0.0.0",
      "routerId":"2.2.2.2",
      "networkType":"LOOPBACK",
      "cost":10,
      "transmitDelaySecs":1,
      "state":"Down",
      "priority":1,
      "nbrCount":0,
      "nbrAdjacentCount":0
    }
  }
}
