{
  "1.1.1.1\/32":[
    {
      "prefix":"1.1.1.1\/32",
      "protocol":"connected",
      "selected":true,
      "nexthops":[
        {
          "fib":true,
          "directlyConnected":true,
          "interfaceName":"lo",
          "active":true
        }
      ]
    }
  ],
  "2.2.2.2\/32":[
    {
      "prefix":"2.2.2.2\/32",
      "protocol":"isis",
      "selected":true,
      "distance":115,
      "metric":10,
      "nexthops":[
        {
          "fib":true,
          "ip":"10.0.1.2",
          "afi":"ipv4",
          "interfaceName":"r1-eth1",
          "active":true
        }
      ]
    }
  ],
  "3.3.3.3\/32":[
    {
      "prefix":"3.3.3.3\/32",
      "protocol":"isis",
      "selected":true,
      "distance":115,
      "metric":10,
      "nexthops":[
        {
          "fib":true,
          "ip":"10.0.2.3",
          "afi":"ipv4",
          "interfaceName":"r1-eth2",
          "active":true
        }
      ]
    }
  ],
  "10.0.1.0\/24":[
    {
      "prefix":"10.0.1.0\/24",
      "protocol":"isis",
      "distance":115,
      "metric":10,
      "nexthops":[
        {
          "ip":"10.0.1.2",
          "afi":"ipv4",
          "interfaceName":"r1-eth1"
        }
      ]
    },
    {
      "prefix":"10.0.1.0\/24",
      "protocol":"connected",
      "selected":true,
      "nexthops":[
        {
          "fib":true,
          "directlyConnected":true,
          "interfaceName":"r1-eth1",
          "active":true
        }
      ]
    }
  ],
  "10.0.2.0\/24":[
    {
      "prefix":"10.0.2.0\/24",
      "protocol":"isis",
      "distance":115,
      "metric":10,
      "nexthops":[
        {
          "ip":"10.0.2.3",
          "afi":"ipv4",
          "interfaceName":"r1-eth2"
        }
      ]
    },
    {
      "prefix":"10.0.2.0\/24",
      "protocol":"connected",
      "selected":true,
      "nexthops":[
        {
          "fib":true,
          "directlyConnected":true,
          "interfaceName":"r1-eth2",
          "active":true
        }
      ]
    }
  ],
  "10.0.3.0\/24":[
    {
      "prefix":"10.0.3.0\/24",
      "protocol":"isis",
      "selected":true,
      "distance":115,
      "metric":10,
      "nexthops":[
        {
          "fib":true,
          "ip":"10.0.1.2",
          "afi":"ipv4",
          "interfaceName":"r1-eth1",
          "active":true
        },
        {
          "fib":true,
          "ip":"10.0.2.3",
          "afi":"ipv4",
          "interfaceName":"r1-eth2",
          "active":true
        }
      ]
    }
  ]
}
