{
  "1.1.1.1\/32":[
    {
      "prefix":"1.1.1.1\/32",
      "prefixLen":32,
      "protocol":"ospf",
      "selected":true,
      "destSelected":true,
      "distance":110,
      "metric":10,
      "installed":true,
      "nexthops":[
        {
          "ip":"10.0.2.10",
          "afi":"ipv4",
          "interfaceName":"eth-rt3-1",
          "active":true
        }
      ]
    }
  ],
  "2.2.2.2\/32":[
    {
      "prefix":"2.2.2.2\/32",
      "prefixLen":32,
      "protocol":"ospf",
      "selected":true,
      "destSelected":true,
      "distance":110,
      "metric":10,
      "nexthops":[
        {
          "fib":true,
          "ip":"10.0.3.20",
          "afi":"ipv4",
          "interfaceName":"eth-rt3-3",
          "active":true
        }
      ]
    }
  ],
  "4.4.4.4\/32":[
    {
      "prefix":"4.4.4.4\/32",
      "prefixLen":32,
      "protocol":"ospf",
      "selected":true,
      "destSelected":true,
      "distance":110,
      "metric":10,
      "installed":true,
      "nexthops":[
        {
          "fib":true,
          "ip":"10.0.5.40",
          "afi":"ipv4",
          "interfaceName":"eth-rt3-2",
          "active":true
        }
      ]
    }
  ],
  "10.0.1.0\/24":[
    {
      "prefix":"10.0.1.0\/24",
      "prefixLen":24,
      "protocol":"ospf",
      "selected":true,
      "destSelected":true,
      "distance":110,
      "metric":20,
      "nexthops":[
        {
          "fib":true,
          "ip":"10.0.2.10",
          "afi":"ipv4",
          "interfaceName":"eth-rt3-1",
          "active":true
        },
        {
          "fib":true,
          "ip":"10.0.3.20",
          "afi":"ipv4",
          "interfaceName":"eth-rt3-3",
          "active":true
        }
      ]
    }
  ],
  "10.0.2.0\/24":[
    {
      "prefix":"10.0.2.0\/24",
      "prefixLen":24,
      "protocol":"ospf",
      "distance":110,
      "metric":10,
      "nexthops":[
        {
          "directlyConnected":true,
          "interfaceName":"eth-rt3-1",
          "active":true
        }
      ]
    }
  ],
  "10.0.3.0\/24":[
    {
      "prefix":"10.0.3.0\/24",
      "prefixLen":24,
      "protocol":"ospf",
      "distance":110,
      "metric":10,
      "nexthops":[
        {
          "directlyConnected":true,
          "interfaceName":"eth-rt3-3",
          "active":true
        }
      ]
    }
  ],
  "10.0.4.0\/24":[
    {
      "prefix":"10.0.4.0\/24",
      "prefixLen":24,
      "protocol":"ospf",
      "selected":true,
      "destSelected":true,
      "distance":110,
      "metric":20,
      "installed":true,
      "nexthops":[
        {
          "fib":true,
          "ip":"10.0.3.20",
          "afi":"ipv4",
          "interfaceName":"eth-rt3-3",
          "active":true
        },
        {
          "fib":true,
          "ip":"10.0.5.40",
          "afi":"ipv4",
          "interfaceName":"eth-rt3-2",
          "active":true
        }
      ]
    }
  ],
  "10.0.5.0\/24":[
          {
      "prefix":"10.0.5.0\/24",
      "prefixLen":24,
      "protocol":"ospf",
      "distance":110,
      "metric":10,
      "nexthops":[
        {
          "directlyConnected":true,
          "interfaceName":"eth-rt3-2",
          "active":true
        }
      ]
    }
  ]
}