{
  "1.1.1.1/32":[
    {
      "prefix":"1.1.1.1/32",
      "protocol":"ospf",
      "selected":true,
      "destSelected":true,
      "distance":110,
      "metric":10,
      "installed":true,
      "nexthops":[
        {
          "fib":true,
          "ip":"10.0.1.1",
          "afi":"ipv4",
          "interfaceName":"r2-eth0",
          "active":true
        }
      ]
    }
  ],
  "2.2.2.2/32":[
    {
      "prefix":"2.2.2.2/32",
      "protocol":"ospf",
      "distance":110,
      "metric":0,
      "nexthops":[
        {
          "directlyConnected":true,
          "interfaceName":"lo",
          "active":true
        }
      ]
    },
    {
      "prefix":"2.2.2.2/32",
      "protocol":"connected",
      "selected":true,
      "destSelected":true,
      "distance":0,
      "metric":0,
      "installed":true,
      "nexthops":[
        {
          "fib":true,
          "directlyConnected":true,
          "interfaceName":"lo",
          "active":true
        }
      ]
    }
  ],
  "3.3.3.3/32":[
    {
      "prefix":"3.3.3.3/32",
      "protocol":"ospf",
      "selected":true,
      "destSelected":true,
      "distance":110,
      "metric":10,
      "installed":true,
      "nexthops":[
        {
          "fib":true,
          "ip":"10.0.2.3",
          "afi":"ipv4",
          "interfaceName":"r2-eth1",
          "active":true
        }
      ]
    }
  ],
  "4.4.4.4/32":[
    {
      "prefix":"4.4.4.4/32",
      "protocol":"ospf",
      "selected":true,
      "destSelected":true,
      "distance":110,
      "metric":10,
      "installed":true,
      "nexthops":[
        {
          "fib":true,
          "ip":"10.0.2.4",
          "afi":"ipv4",
          "interfaceName":"r2-eth1",
          "active":true
        }
      ]
    }
  ],
  "10.0.1.0\/24":[
    {
      "prefix":"10.0.1.0\/24",
      "protocol":"ospf",
      "distance":110,
      "metric":10,
      "nexthops":[
        {
          "directlyConnected":true,
          "interfaceName":"r2-eth0",
          "active":true
        }
      ]
    },
    {
      "prefix":"10.0.1.0\/24",
      "protocol":"connected",
      "selected":true,
      "destSelected":true,
      "distance":0,
      "metric":0,
      "installed":true,
      "nexthops":[
        {
          "fib":true,
          "directlyConnected":true,
          "interfaceName":"r2-eth0",
          "active":true
        }
      ]
    }
  ],
  "10.0.2.0\/24":[
    {
      "prefix":"10.0.2.0\/24",
      "protocol":"ospf",
      "distance":110,
      "metric":10,
      "nexthops":[
        {
          "directlyConnected":true,
          "interfaceName":"r2-eth1",
          "active":true
        }
      ]
    },
    {
      "prefix":"10.0.2.0\/24",
      "protocol":"connected",
      "selected":true,
      "destSelected":true,
      "distance":0,
      "metric":0,
      "installed":true,
      "nexthops":[
        {
          "fib":true,
          "directlyConnected":true,
          "interfaceName":"r2-eth1",
          "active":true
        }
      ]
    }
  ],
  "10.0.3.0\/24":[
    {
      "prefix":"10.0.3.0\/24",
      "protocol":"ospf",
      "selected":true,
      "destSelected":true,
      "distance":110,
      "metric":20,
      "installed":true,
      "nexthops":[
        {
          "fib":true,
          "ip":"10.0.2.3",
          "afi":"ipv4",
          "interfaceName":"r2-eth1",
          "active":true
        }
      ]
    }
  ],
  "123.0.1.0\/24":[
    {
      "prefix":"123.0.1.0\/24",
      "protocol":"ospf",
      "selected":true,
      "destSelected":true,
      "distance":110,
      "metric":20,
      "installed":true,
      "nexthops":[
        {
          "fib":true,
          "ip":"10.0.1.1",
          "afi":"ipv4",
          "interfaceName":"r2-eth0",
          "active":true
        }
      ]
    }
  ]
}
