{
  "frr-pathd:pathd": {
    "srte": {
      "policy": [
        {
          "color": 1,
          "endpoint": "10.254.0.10",
          "is-operational": true,
          "candidate-path": [
            {
              "preference": 10,
              "is-best-candidate-path": true
            },
            {
              "preference": 15,
              "is-best-candidate-path": false
            }
          ]
        }
      ]
    }
  }
}
