{
        "fc00:0:6:3c::/128":[{
          "prefix":"fc00:0:6:3c::/128",
          "prefixLen":128,
          "protocol":"bgp",
          "vrfName":"vrf10",
          "selected":true,
          "destSelected":true,
          "distance":20,
          "metric":0,
          "installed":true,
          "table":10,
          "nexthops":[{
                "flags":5,
                "ip":"fc00:0:6::1",
                "afi":"ipv6",
                "vrf":"default",
                "active":true,
                "recursive":true,
                "weight":1
                },
                {
                "flags":3,
                "fib":true,
                "afi":"ipv6",
                "interfaceName":"eth-sw1",
                "vrf":"default",
                "active":true,
                "weight":1
                },
                {
                "flags":3,
                "fib":true,
                "afi":"ipv6",
                "interfaceName":"eth-sw1",
                "vrf":"default","active":true,
                "weight":1
                }
          ]
        }],
        "fc00:0:6:3d::/128":[{
          "prefix":"fc00:0:6:3d::/128",
          "prefixLen":128,
          "protocol":"bgp",
          "vrfName":"vrf10",
          "selected":true,
          "destSelected":true,
          "distance":20,
          "metric":0,
          "installed":true,
          "table":10,
          "nexthops":[{
                "flags":5,
                "ip":"fc00:0:6::1",
                "afi":"ipv6",
                "vrf":"default",
                "active":true,
                "recursive":true,
                "weight":1
                },
                {
                "flags":3,
                "fib":true,
                "afi":"ipv6",
                "interfaceName":"eth-sw1",
                "vrf":"default",
                "active":true,
                "weight":1
                },
                {
                "flags":3,
                "fib":true,
                "afi":"ipv6",
                "interfaceName":"eth-sw1",
                "vrf":"default","active":true,
                "weight":1
                }
          ]
        }],
        "fd00:200::/64":[{
          "prefix":"fd00:200::/64",
          "prefixLen":64,
          "protocol":"bgp",
          "vrfName":"vrf10",
          "selected":true,
          "destSelected":true,
          "distance":20,
          "metric":0,
          "installed":true,
          "table":10,
          "nexthops":[{
                "flags":5,
                "ip":"fc00:0:6::1",
                "afi":"ipv6",
                "vrf":"default",
                "active":true,
                "recursive":true,
                "labels":[976],
                "weight":1,
                "seg6":{
                        "segs":"fc00:0:6:3d::"
                },
                "srv6EncapBehavior":"H.Encaps"
                },
                {
                "flags":3,
                "fib":true,
                "afi":"ipv6",
                "interfaceName":"eth-sw1",
                "vrf":"default",
                "active":true,
                "labels":[976],
                "weight":1,
                "seg6":{"segs":"fc00:0:6:3d::"},
                "srv6EncapBehavior":"H.Encaps"
                },
                {
                "flags":3,
                "fib":true,
                "afi":"ipv6",
                "interfaceName":"eth-sw1",
                "vrf":"default","active":true,
                "labels":[976],
                "weight":1,
                "seg6":{"segs":"fc00:0:6:3d::"},
                "srv6EncapBehavior":"H.Encaps"
                }
          ]
        }]
}

