{
  "1.1.1.1/32":[
    {
      "prefix":"1.1.1.1/32",
      "protocol":"ospf",
      "selected":true,
      "distance":110,
      "metric":10,
      "nexthops":[
        {
          "fib":true,
          "ip":"10.0.2.1",
          "afi":"ipv4",
          "interfaceIndex":3,
          "interfaceName":"r3-eth1",
          "active":true
        }
      ]
    }
  ],
  "2.2.2.2/32":[
    {
      "prefix":"2.2.2.2/32",
      "protocol":"ospf",
      "selected":true,
      "distance":110,
      "metric":10,
      "nexthops":[
        {
          "fib":true,
          "ip":"10.0.3.2",
          "afi":"ipv4",
          "interfaceIndex":4,
          "interfaceName":"r3-eth2",
          "active":true
        }
      ]
    }
  ],
  "3.3.3.3/32":[
    {
      "prefix":"3.3.3.3/32",
      "protocol":"ospf",
      "distance":110,
      "metric":0,
      "nexthops":[
        {
          "directlyConnected":true,
          "interfaceIndex":1,
          "interfaceName":"lo",
          "active":true
        }
      ]
    },
    {
      "prefix":"3.3.3.3/32",
      "protocol":"connected",
      "selected":true,
      "nexthops":[
        {
          "fib":true,
          "directlyConnected":true,
          "interfaceIndex":1,
          "interfaceName":"lo",
          "active":true
        }
      ]
    }
  ],
  "10.0.1.0/24":[
    {
      "prefix":"10.0.1.0/24",
      "protocol":"ospf",
      "selected":true,
      "distance":110,
      "metric":20,
      "nexthops":[
        {
          "fib":true,
          "ip":"10.0.2.1",
          "afi":"ipv4",
          "interfaceIndex":3,
          "interfaceName":"r3-eth1",
          "active":true
        },
        {
          "fib":true,
          "ip":"10.0.3.2",
          "afi":"ipv4",
          "interfaceIndex":4,
          "interfaceName":"r3-eth2",
          "active":true
        }
      ]
    }
  ],
  "10.0.2.0/24":[
    {
      "prefix":"10.0.2.0/24",
      "protocol":"ospf",
      "distance":110,
      "metric":10,
      "nexthops":[
        {
          "directlyConnected":true,
          "interfaceIndex":3,
          "interfaceName":"r3-eth1",
          "active":true
        }
      ]
    },
    {
      "prefix":"10.0.2.0/24",
      "protocol":"connected",
      "selected":true,
      "nexthops":[
        {
          "fib":true,
          "directlyConnected":true,
          "interfaceIndex":3,
          "interfaceName":"r3-eth1",
          "active":true
        }
      ]
    }
  ],
  "10.0.3.0/24":[
    {
      "prefix":"10.0.3.0/24",
      "protocol":"ospf",
      "distance":110,
      "metric":10,
      "nexthops":[
        {
          "directlyConnected":true,
          "interfaceIndex":4,
          "interfaceName":"r3-eth2",
          "active":true
        }
      ]
    },
    {
      "prefix":"10.0.3.0/24",
      "protocol":"connected",
      "selected":true,
      "nexthops":[
        {
          "fib":true,
          "directlyConnected":true,
          "interfaceIndex":4,
          "interfaceName":"r3-eth2",
          "active":true
        }
      ]
    }
  ]
}
