O>* 1.1.1.1/32 [110/10] via 10.0.1.1, r2-eth0, label implicit-null, weight 1
O   2.2.2.2/32 [110/0] is directly connected, lo, weight 1
O>* 3.3.3.3/32 [110/10] via 10.0.2.3, r2-eth1, label implicit-null, weight 1
O>* 4.4.4.4/32 [110/10] via 10.0.2.4, r2-eth1, label implicit-null, weight 1
O   10.0.1.0/24 [110/10] is directly connected, r2-eth0, weight 1
O   10.0.2.0/24 [110/10] is directly connected, r2-eth1, weight 1
O   10.0.3.0/24 [110/10] is directly connected, r2-eth2, weight 1
