{
  "2001:db8:1000::1\/128":[
    {
      "prefix":"2001:db8:1000::1\/128",
      "protocol":"isis",
      "selected":true,
      "destSelected":true,
      "distance":115,
      "metric":40,
      "installed":true,
      "nexthops":[
        {
          "fib":true,
          "afi":"ipv6",
          "interfaceName":"eth-rt5",
          "active":true,
          "labels":[
            30011
          ]
        },
        {
          "fib":true,
          "afi":"ipv6",
          "interfaceName":"eth-rt4",
          "active":true,
          "labels":[
            16011
          ]
        }
      ]
    }
  ],
  "2001:db8:1000::2\/128":[
    {
      "prefix":"2001:db8:1000::2\/128",
      "protocol":"isis",
      "selected":true,
      "destSelected":true,
      "distance":115,
      "metric":30,
      "installed":true,
      "nexthops":[
        {
          "fib":true,
          "afi":"ipv6",
          "interfaceName":"eth-rt4",
          "active":true,
          "backupIndex":[
            0
          ],
          "labels":[
            16021
          ]
        }
      ],
      "backupNexthops":[
        {
          "afi":"ipv6",
          "interfaceName":"eth-rt5",
          "active":true,
          "labels":[
            30021
          ]
        }
      ]
    }
  ],
  "2001:db8:1000::3\/128":[
    {
      "prefix":"2001:db8:1000::3\/128",
      "protocol":"isis",
      "selected":true,
      "destSelected":true,
      "distance":115,
      "metric":30,
      "installed":true,
      "nexthops":[
        {
          "fib":true,
          "afi":"ipv6",
          "interfaceName":"eth-rt5",
          "active":true,
          "backupIndex":[
            0
          ],
          "labels":[
            30031
          ]
        }
      ],
      "backupNexthops":[
        {
          "afi":"ipv6",
          "interfaceName":"eth-rt4",
          "active":true,
          "labels":[
            16031
          ]
        }
      ]
    }
  ],
  "2001:db8:1000::4\/128":[
    {
      "prefix":"2001:db8:1000::4\/128",
      "protocol":"isis",
      "selected":true,
      "destSelected":true,
      "distance":115,
      "metric":20,
      "installed":true,
      "nexthops":[
        {
          "fib":true,
          "afi":"ipv6",
          "interfaceName":"eth-rt4",
          "active":true,
          "backupIndex":[
            0
          ],
          "labels":[
            3
          ]
        }
      ],
      "backupNexthops":[
        {
          "afi":"ipv6",
          "interfaceName":"eth-rt5",
          "active":true,
          "labels":[
            30041
          ]
        }
      ]
    }
  ],
  "2001:db8:1000::5\/128":[
    {
      "prefix":"2001:db8:1000::5\/128",
      "protocol":"isis",
      "selected":true,
      "destSelected":true,
      "distance":115,
      "metric":20,
      "installed":true,
      "nexthops":[
        {
          "fib":true,
          "afi":"ipv6",
          "interfaceName":"eth-rt5",
          "active":true,
          "backupIndex":[
            0
          ]
        }
      ],
      "backupNexthops":[
        {
          "afi":"ipv6",
          "interfaceName":"eth-rt4",
          "active":true
        }
      ]
    }
  ]
}
