{
  "4.4.4.4\/32":[
    {
      "prefix":"4.4.4.4\/32",
      "protocol":"isis",
      "selected":true,
      "destSelected":true,
      "distance":115,
      "metric":20,
      "installed":true,
      "nexthops":[
        {
          "fib":true,
          "ip":"10.0.6.4",
          "afi":"ipv4",
          "interfaceName":"eth-rt4",
          "active":true
        }
      ]
    }
  ],
  "6.6.6.6\/32":[
    {
      "prefix":"6.6.6.6\/32",
      "protocol":"isis",
      "selected":true,
      "destSelected":true,
      "distance":115,
      "metric":20,
      "installed":true,
      "nexthops":[
        {
          "fib":true,
          "ip":"10.0.8.6",
          "afi":"ipv4",
          "interfaceName":"eth-rt6",
          "active":true
        }
      ]
    }
  ],
  "10.0.4.0\/24":[
    {
      "prefix":"10.0.4.0\/24",
      "protocol":"isis",
      "distance":115,
      "metric":20,
      "nexthops":[
        {
          "ip":"10.0.4.3",
          "afi":"ipv4",
          "interfaceName":"eth-rt3"
        }
      ]
    }
  ],
  "10.0.6.0\/24":[
    {
      "prefix":"10.0.6.0\/24",
      "protocol":"isis",
      "distance":115,
      "metric":20,
      "nexthops":[
        {
          "ip":"10.0.6.4",
          "afi":"ipv4",
          "interfaceName":"eth-rt4"
        }
      ]
    }
  ],
  "10.0.7.0\/24":[
    {
      "prefix":"10.0.7.0\/24",
      "protocol":"isis",
      "selected":true,
      "destSelected":true,
      "distance":115,
      "metric":20,
      "installed":true,
      "table":254,
      "nexthops":[
        {
          "fib":true,
          "ip":"10.0.6.4",
          "afi":"ipv4",
          "interfaceName":"eth-rt4",
          "active":true
        },
        {
          "fib":true,
          "ip":"10.0.8.6",
          "afi":"ipv4",
          "interfaceName":"eth-rt6",
          "active":true
        }
      ]
    }
  ],
  "10.0.8.0\/24":[
    {
      "prefix":"10.0.8.0\/24",
      "protocol":"isis",
      "distance":115,
      "metric":20,
      "nexthops":[
        {
          "ip":"10.0.8.6",
          "afi":"ipv4",
          "interfaceName":"eth-rt6",
          "weight":1
        }
      ]
    }
  ]
}
