 Inbound                            Outbound
   Label     Type          Nexthop     Label
--------  -------  ---------------  --------
      XX      LDP         10.0.1.1  implicit-null
      XX      LDP         10.0.2.3  implicit-null
      XX      LDP         10.0.2.4  implicit-null
      XX      LDP         10.0.3.3  implicit-null
