Local LDP Identifier: 2.2.2.2:0
Discovery Sources:
  Interfaces:
    r2-eth0: xmit/recv
      LDP Id: 1.1.1.1:0, Transport address: 1.1.1.1
          Hold time: 15 sec
    r2-eth1: xmit/recv
      LDP Id: 3.3.3.3:0, Transport address: 3.3.3.3
          Hold time: 15 sec
      LDP Id: 4.4.4.4:0, Transport address: 4.4.4.4
          Hold time: 15 sec
  Targeted Hellos:
