{
  "interfaces":{
    "eth-rt2":{
      "ifUp":true,
      "ospfEnabled":true,
      "ipAddress":"10.0.1.1",
      "ipAddressPrefixlen":24,
      "area":"0.0.0.0",
      "routerId":"1.1.1.1",
      "networkType":"POINTOPOINT",
      "cost":10,
      "transmitDelaySecs":1,
      "state":"Point-To-Point",
      "priority":1,
      "nbrCount":1,
      "nbrAdjacentCount":1
    },
    "lo":{
      "ifUp":true,
      "ospfEnabled":true,
      "ipAddress":"1.1.1.1",
      "ipAddressPrefixlen":32,
      "area":"0.0.0.0",
      "routerId":"1.1.1.1",
      "networkType":"LOOPBACK",
      "cost":10,
      "transmitDelaySecs":1,
      "state":"Loopback",
      "priority":1,
      "nbrCount":0,
      "nbrAdjacentCount":0
    }
  }
}
