{
  "1.1.1.1\/32":[
    {
      "prefix":"1.1.1.1\/32",
      "protocol":"isis",
      "selected":true,
      "destSelected":true,
      "distance":115,
      "metric":30,
      "installed":true,
      "nexthops":[
        {
          "fib":true,
          "ip":"10.0.4.3",
          "afi":"ipv4",
          "interfaceName":"eth-rt3-1",
          "active":true,
          "backupIndex":[
            0
          ],
          "labels":[
            16010
          ]
        },
        {
          "fib":true,
          "ip":"10.0.5.3",
          "afi":"ipv4",
          "interfaceName":"eth-rt3-2",
          "active":true,
          "backupIndex":[
            0
          ],
          "labels":[
            16010
          ]
        }
      ],
      "backupNexthops":[
        {
          "ip":"10.0.6.4",
          "afi":"ipv4",
          "interfaceName":"eth-rt4",
          "active":true,
          "labels":[
            16010
          ]
        }
      ]
    }
  ],
  "2.2.2.2\/32":[
    {
      "prefix":"2.2.2.2\/32",
      "protocol":"isis",
      "selected":true,
      "destSelected":true,
      "distance":115,
      "metric":30,
      "installed":true,
      "nexthops":[
        {
          "fib":true,
          "ip":"10.0.4.3",
          "afi":"ipv4",
          "interfaceName":"eth-rt3-1",
          "active":true,
          "labels":[
            16020
          ]
        },
        {
          "fib":true,
          "ip":"10.0.5.3",
          "afi":"ipv4",
          "interfaceName":"eth-rt3-2",
          "active":true,
          "labels":[
            16020
          ]
        },
        {
          "fib":true,
          "ip":"10.0.6.4",
          "afi":"ipv4",
          "interfaceName":"eth-rt4",
          "active":true,
          "labels":[
            16020
          ]
        }
      ]
    }
  ],
  "3.3.3.3\/32":[
    {
      "prefix":"3.3.3.3\/32",
      "protocol":"isis",
      "selected":true,
      "destSelected":true,
      "distance":115,
      "metric":20,
      "installed":true,
      "nexthops":[
        {
          "fib":true,
          "ip":"10.0.4.3",
          "afi":"ipv4",
          "interfaceName":"eth-rt3-1",
          "active":true,
          "backupIndex":[
            0
          ],
          "labels":[
            3
          ]
        },
        {
          "fib":true,
          "ip":"10.0.5.3",
          "afi":"ipv4",
          "interfaceName":"eth-rt3-2",
          "active":true,
          "backupIndex":[
            0
          ],
          "labels":[
            3
          ]
        }
      ],
      "backupNexthops":[
        {
          "ip":"10.0.6.4",
          "afi":"ipv4",
          "interfaceName":"eth-rt4",
          "active":true,
          "labels":[
            16020,
            16030
          ]
        }
      ]
    }
  ],
  "4.4.4.4\/32":[
    {
      "prefix":"4.4.4.4\/32",
      "protocol":"isis",
      "selected":true,
      "destSelected":true,
      "distance":115,
      "metric":20,
      "installed":true,
      "nexthops":[
        {
          "fib":true,
          "ip":"10.0.6.4",
          "afi":"ipv4",
          "interfaceName":"eth-rt4",
          "active":true,
          "backupIndex":[
            0
          ],
          "labels":[
            3
          ]
        }
      ],
      "backupNexthops":[
        {
          "ip":"10.0.8.6",
          "afi":"ipv4",
          "interfaceName":"eth-rt6",
          "active":true,
          "labels":[
            16040
          ]
        }
      ]
    }
  ],
  "6.6.6.6\/32":[
    {
      "prefix":"6.6.6.6\/32",
      "protocol":"isis",
      "selected":true,
      "destSelected":true,
      "distance":115,
      "metric":20,
      "installed":true,
      "nexthops":[
        {
          "fib":true,
          "ip":"10.0.8.6",
          "afi":"ipv4",
          "interfaceName":"eth-rt6",
          "active":true,
          "backupIndex":[
            0
          ],
          "labels":[
            3
          ]
        }
      ],
      "backupNexthops":[
        {
          "ip":"10.0.6.4",
          "afi":"ipv4",
          "interfaceName":"eth-rt4",
          "active":true,
          "labels":[
            16060
          ]
        }
      ]
    }
  ],
  "10.0.1.0\/24":[
    {
      "prefix":"10.0.1.0\/24",
      "protocol":"isis",
      "selected":true,
      "destSelected":true,
      "distance":115,
      "metric":20,
      "installed":true,
      "nexthops":[
        {
          "fib":true,
          "ip":"10.0.4.3",
          "afi":"ipv4",
          "interfaceName":"eth-rt3-1",
          "active":true,
          "backupIndex":[
            0
          ]
        },
        {
          "fib":true,
          "ip":"10.0.5.3",
          "afi":"ipv4",
          "interfaceName":"eth-rt3-2",
          "active":true,
          "backupIndex":[
            0
          ]
        }
      ],
      "backupNexthops":[
        {
          "ip":"10.0.6.4",
          "afi":"ipv4",
          "interfaceName":"eth-rt4",
          "active":true
        }
      ]
    }
  ],
  "10.0.2.0\/24":[
    {
      "prefix":"10.0.2.0\/24",
      "protocol":"isis",
      "selected":true,
      "destSelected":true,
      "distance":115,
      "metric":20,
      "installed":true,
      "nexthops":[
        {
          "fib":true,
          "ip":"10.0.6.4",
          "afi":"ipv4",
          "interfaceName":"eth-rt4",
          "active":true,
          "backupIndex":[
            0,
            1,
            2
          ]
        }
      ],
      "backupNexthops":[
        {
          "ip":"10.0.8.6",
          "afi":"ipv4",
          "interfaceName":"eth-rt6",
          "active":true
        },
        {
          "ip":"10.0.4.3",
          "afi":"ipv4",
          "interfaceName":"eth-rt3-1",
          "active":true
        },
        {
          "ip":"10.0.5.3",
          "afi":"ipv4",
          "interfaceName":"eth-rt3-2",
          "active":true
        }
      ]
    }
  ],
  "10.0.3.0\/24":[
    {
      "prefix":"10.0.3.0\/24",
      "protocol":"isis",
      "selected":true,
      "destSelected":true,
      "distance":115,
      "metric":20,
      "installed":true,
      "nexthops":[
        {
          "fib":true,
          "ip":"10.0.6.4",
          "afi":"ipv4",
          "interfaceName":"eth-rt4",
          "active":true,
          "backupIndex":[
            0,
            1,
            2
          ]
        }
      ],
      "backupNexthops":[
        {
          "ip":"10.0.8.6",
          "afi":"ipv4",
          "interfaceName":"eth-rt6",
          "active":true
        },
        {
          "ip":"10.0.4.3",
          "afi":"ipv4",
          "interfaceName":"eth-rt3-1",
          "active":true
        },
        {
          "ip":"10.0.5.3",
          "afi":"ipv4",
          "interfaceName":"eth-rt3-2",
          "active":true
        }
      ]
    }
  ],
  "10.0.4.0\/24":[
    {
      "prefix":"10.0.4.0\/24",
      "protocol":"isis",
      "distance":115,
      "metric":20,
      "nexthops":[
        {
          "ip":"10.0.4.3",
          "afi":"ipv4",
          "interfaceName":"eth-rt3-1",
          "backupIndex":[
            0
          ]
        },
        {
          "ip":"10.0.5.3",
          "afi":"ipv4",
          "interfaceName":"eth-rt3-2",
          "active":true,
          "backupIndex":[
            0
          ]
        }
      ],
      "backupNexthops":[
        {
          "ip":"10.0.6.4",
          "afi":"ipv4",
          "interfaceName":"eth-rt4",
          "active":true,
          "labels":[
            16020
          ]
        }
      ]
    }
  ],
  "10.0.5.0\/24":[
    {
      "prefix":"10.0.5.0\/24",
      "protocol":"isis",
      "distance":115,
      "metric":20,
      "nexthops":[
        {
          "ip":"10.0.4.3",
          "afi":"ipv4",
          "interfaceName":"eth-rt3-1",
          "active":true,
          "backupIndex":[
            0
          ]
        },
        {
          "ip":"10.0.5.3",
          "afi":"ipv4",
          "interfaceName":"eth-rt3-2",
          "backupIndex":[
            0
          ]
        }
      ],
      "backupNexthops":[
        {
          "ip":"10.0.6.4",
          "afi":"ipv4",
          "interfaceName":"eth-rt4",
          "active":true,
          "labels":[
            16020
          ]
        }
      ]
    }
  ],
  "10.0.6.0\/24":[
    {
      "prefix":"10.0.6.0\/24",
      "protocol":"isis",
      "distance":115,
      "metric":20,
      "nexthops":[
        {
          "ip":"10.0.6.4",
          "afi":"ipv4",
          "interfaceName":"eth-rt4",
          "backupIndex":[
            0
          ]
        }
      ],
      "backupNexthops":[
        {
          "ip":"10.0.8.6",
          "afi":"ipv4",
          "interfaceName":"eth-rt6",
          "active":true
        }
      ]
    }
  ],
  "10.0.7.0\/24":[
    {
      "prefix":"10.0.7.0\/24",
      "protocol":"isis",
      "selected":true,
      "destSelected":true,
      "distance":115,
      "metric":20,
      "installed":true,
      "nexthops":[
        {
          "fib":true,
          "ip":"10.0.6.4",
          "afi":"ipv4",
          "interfaceName":"eth-rt4",
          "active":true
        },
        {
          "fib":true,
          "ip":"10.0.8.6",
          "afi":"ipv4",
          "interfaceName":"eth-rt6",
          "active":true
        }
      ]
    }
  ],
  "10.0.8.0\/24":[
    {
      "prefix":"10.0.8.0\/24",
      "protocol":"isis",
      "distance":115,
      "metric":20,
      "nexthops":[
        {
          "ip":"10.0.8.6",
          "afi":"ipv4",
          "interfaceName":"eth-rt6",
          "backupIndex":[
            0
          ]
        }
      ],
      "backupNexthops":[
        {
          "ip":"10.0.6.4",
          "afi":"ipv4",
          "interfaceName":"eth-rt4",
          "active":true
        }
      ]
    }
  ]
}
