{
  "2.2.2.2\/32":[
    {
      "prefix":"2.2.2.2\/32",
      "protocol":"isis",
      "selected":true,
      "destSelected":true,
      "installed":true,
      "nexthops":[
        {
          "fib":true,
          "ip":"10.0.1.2",
          "afi":"ipv4",
          "interfaceName":"eth-rt2",
          "active":true
        }
      ]
    }
  ]
}
