{
  "2001:db8:1000::1\/128":[
    {
      "prefix":"2001:db8:1000::1\/128",
      "protocol":"isis",
      "selected":true,
      "destSelected":true,
      "distance":115,
      "metric":20,
      "installed":true,
      "nexthops":[
        {
          "fib":true,
          "afi":"ipv6",
          "interfaceName":"eth-sw1",
          "active":true,
          "backupIndex":[
            0,
            1
          ],
          "labels":[
            3
          ]
        }
      ],
      "backupNexthops":[
        {
          "afi":"ipv6",
          "interfaceName":"eth-rt5-1",
          "active":true,
          "labels":[
            30041,
            16011
          ]
        },
        {
          "afi":"ipv6",
          "interfaceName":"eth-rt5-2",
          "active":true,
          "labels":[
            30041,
            16011
          ]
        }
      ]
    }
  ],
  "2001:db8:1000::2\/128":[
    {
      "prefix":"2001:db8:1000::2\/128",
      "protocol":"isis",
      "selected":true,
      "destSelected":true,
      "distance":115,
      "metric":20,
      "installed":true,
      "nexthops":[
        {
          "fib":true,
          "afi":"ipv6",
          "interfaceName":"eth-sw1",
          "active":true,
          "backupIndex":[
            0,
            1
          ],
          "labels":[
            3
          ]
        }
      ],
      "backupNexthops":[
        {
          "afi":"ipv6",
          "interfaceName":"eth-rt5-1",
          "active":true,
          "labels":[
            30041,
            16021
          ]
        },
        {
          "afi":"ipv6",
          "interfaceName":"eth-rt5-2",
          "active":true,
          "labels":[
            30041,
            16021
          ]
        }
      ]
    }
  ],
  "2001:db8:1000::4\/128":[
    {
      "prefix":"2001:db8:1000::4\/128",
      "protocol":"isis",
      "selected":true,
      "destSelected":true,
      "distance":115,
      "metric":30,
      "installed":true,
      "nexthops":[
        {
          "fib":true,
          "afi":"ipv6",
          "interfaceName":"eth-rt5-2",
          "active":true,
          "labels":[
            30041
          ]
        },
        {
          "fib":true,
          "afi":"ipv6",
          "interfaceName":"eth-rt5-1",
          "active":true,
          "labels":[
            30041
          ]
        },
        {
          "fib":true,
          "afi":"ipv6",
          "interfaceName":"eth-sw1",
          "active":true,
          "labels":[
            16041
          ]
        }
      ]
    }
  ],
  "2001:db8:1000::5\/128":[
    {
      "prefix":"2001:db8:1000::5\/128",
      "protocol":"isis",
      "selected":true,
      "destSelected":true,
      "distance":115,
      "metric":20,
      "installed":true,
      "nexthops":[
        {
          "fib":true,
          "afi":"ipv6",
          "interfaceName":"eth-rt5-2",
          "active":true,
          "backupIndex":[
            0
          ],
          "labels":[
            3
          ]
        },
        {
          "fib":true,
          "afi":"ipv6",
          "interfaceName":"eth-rt5-1",
          "active":true,
          "backupIndex":[
            0
          ],
          "labels":[
            3
          ]
        }
      ],
      "backupNexthops":[
        {
          "afi":"ipv6",
          "interfaceName":"eth-sw1",
          "active":true,
          "labels":[
            16041,
            30051
          ]
        }
      ]
    }
  ],
  "2001:db8:1000::6\/128":[
    {
      "prefix":"2001:db8:1000::6\/128",
      "protocol":"isis",
      "selected":true,
      "destSelected":true,
      "distance":115,
      "metric":30,
      "installed":true,
      "nexthops":[
        {
          "fib":true,
          "afi":"ipv6",
          "interfaceName":"eth-rt5-2",
          "active":true,
          "backupIndex":[
            0
          ],
          "labels":[
            30061
          ]
        },
        {
          "fib":true,
          "afi":"ipv6",
          "interfaceName":"eth-rt5-1",
          "active":true,
          "backupIndex":[
            0
          ],
          "labels":[
            30061
          ]
        }
      ],
      "backupNexthops":[
        {
          "afi":"ipv6",
          "interfaceName":"eth-sw1",
          "active":true,
          "labels":[
            16061
          ]
        }
      ]
    }
  ]
}
