{
  "fc00:0:1::1\/128":[
    {
      "prefix":"fc00:0:1::1\/128",
      "protocol":"isis",
      "selected":true,
      "destSelected":true,
      "distance":115,
      "metric":30,
      "installed":true,
      "nexthops":[
        {
          "fib":true,
          "afi":"ipv6",
          "interfaceName":"eth-rt2-1",
          "active":true
        },
        {
          "fib":true,
          "afi":"ipv6",
          "interfaceName":"eth-rt2-2",
          "active":true
        }
      ]
    }
  ],
  "fc00:0:2::1\/128":[
    {
      "prefix":"fc00:0:2::1\/128",
      "protocol":"isis",
      "selected":true,
      "destSelected":true,
      "distance":115,
      "metric":20,
      "installed":true,
      "nexthops":[
        {
          "fib":true,
          "afi":"ipv6",
          "interfaceName":"eth-rt2-1",
          "active":true
        },
        {
          "fib":true,
          "afi":"ipv6",
          "interfaceName":"eth-rt2-2",
          "active":true
        }
      ]
    }
  ],
  "fc00:0:3::1\/128":[
    {
      "prefix":"fc00:0:3::1\/128",
      "protocol":"isis",
      "selected":true,
      "destSelected":true,
      "distance":115,
      "metric":30,
      "installed":true,
      "nexthops":[
        {
          "fib":true,
          "afi":"ipv6",
          "interfaceName":"eth-rt2-1",
          "active":true
        },
        {
          "fib":true,
          "afi":"ipv6",
          "interfaceName":"eth-rt2-2",
          "active":true
        },
        {
          "fib":true,
          "afi":"ipv6",
          "interfaceName":"eth-rt5",
          "active":true
        }
      ]
    }
  ],
  "fc00:0:5::1\/128":[
    {
      "prefix":"fc00:0:5::1\/128",
      "protocol":"isis",
      "selected":true,
      "destSelected":true,
      "distance":115,
      "metric":20,
      "installed":true,
      "nexthops":[
        {
          "fib":true,
          "afi":"ipv6",
          "interfaceName":"eth-rt5",
          "active":true
        }
      ]
    }
  ],
  "fc00:0:6::1\/128":[
    {
      "prefix":"fc00:0:6::1\/128",
      "protocol":"isis",
      "selected":true,
      "destSelected":true,
      "distance":115,
      "metric":20,
      "installed":true,
      "nexthops":[
        {
          "fib":true,
          "afi":"ipv6",
          "interfaceName":"eth-rt6",
          "active":true
        }
      ]
    }
  ],
  "fc00:0:1::\/48":[
    {
      "prefix":"fc00:0:1::\/48",
      "protocol":"isis",
      "selected":true,
      "destSelected":true,
      "distance":115,
      "metric":20,
      "installed":true,
      "nexthops":[
        {
          "fib":true,
          "afi":"ipv6",
          "interfaceName":"eth-rt2-1",
          "active":true
        },
        {
          "fib":true,
          "afi":"ipv6",
          "interfaceName":"eth-rt2-2",
          "active":true
        }
      ]
    }
  ],
  "fc00:0:2::\/48":[
    {
      "prefix":"fc00:0:2::\/48",
      "protocol":"isis",
      "selected":true,
      "destSelected":true,
      "distance":115,
      "metric":10,
      "installed":true,
      "nexthops":[
        {
          "fib":true,
          "afi":"ipv6",
          "interfaceName":"eth-rt2-1",
          "active":true
        },
        {
          "fib":true,
          "afi":"ipv6",
          "interfaceName":"eth-rt2-2",
          "active":true
        }
      ]
    }
  ],
  "fc00:0:3::\/48":[
    {
      "prefix":"fc00:0:3::\/48",
      "protocol":"isis",
      "selected":true,
      "destSelected":true,
      "distance":115,
      "metric":20,
      "installed":true,
      "nexthops":[
        {
          "fib":true,
          "afi":"ipv6",
          "interfaceName":"eth-rt2-1",
          "active":true
        },
        {
          "fib":true,
          "afi":"ipv6",
          "interfaceName":"eth-rt2-2",
          "active":true
        },
        {
          "fib":true,
          "afi":"ipv6",
          "interfaceName":"eth-rt5",
          "active":true
        }
      ]
    }
  ],
  "fc00:0:5::\/48":[
    {
      "prefix":"fc00:0:5::\/48",
      "protocol":"isis",
      "selected":true,
      "destSelected":true,
      "distance":115,
      "metric":10,
      "installed":true,
      "nexthops":[
        {
          "fib":true,
          "afi":"ipv6",
          "interfaceName":"eth-rt5",
          "active":true
        }
      ]
    }
  ],
  "fc00:0:6::\/48":[
    {
      "prefix":"fc00:0:6::\/48",
      "protocol":"isis",
      "selected":true,
      "destSelected":true,
      "distance":115,
      "metric":10,
      "installed":true,
      "nexthops":[
        {
          "fib":true,
          "afi":"ipv6",
          "interfaceName":"eth-rt6",
          "active":true
        }
      ]
    }
  ],
  "fc00:0:4::\/48":[
    {
      "prefix":"fc00:0:4::\/48",
      "protocol":"isis",
      "selected":true,
      "destSelected":true,
      "distance":115,
      "metric":0,
      "installed":true,
      "nexthops":[
        {
          "fib":true,
          "directlyConnected":true,
          "interfaceName":"sr0",
          "active":true,
          "seg6local":{
            "action":"End"
          }
        }
      ]
    }
  ],
  "fc00:0:4:e000::\/64":[
    {
      "prefix":"fc00:0:4:e000::\/64",
      "protocol":"isis",
      "selected":true,
      "destSelected":true,
      "distance":115,
      "metric":0,
      "installed":true,
      "nexthops":[
        {
          "fib":true,
          "directlyConnected":true,
          "active":true,
          "seg6local":{
            "action":"End.X"
          }
        }
      ]
    }
  ],
  "fc00:0:4:e001::\/64":[
    {
      "prefix":"fc00:0:4:e001::\/64",
      "protocol":"isis",
      "selected":true,
      "destSelected":true,
      "distance":115,
      "metric":0,
      "installed":true,
      "nexthops":[
        {
          "fib":true,
          "directlyConnected":true,
          "active":true,
          "seg6local":{
            "action":"End.X"
          }
        }
      ]
    }
  ],
  "fc00:0:4:e002::\/64":[
    {
      "prefix":"fc00:0:4:e002::\/64",
      "protocol":"isis",
      "selected":true,
      "destSelected":true,
      "distance":115,
      "metric":0,
      "installed":true,
      "nexthops":[
        {
          "fib":true,
          "directlyConnected":true,
          "active":true,
          "seg6local":{
            "action":"End.X"
          }
        }
      ]
    }
  ],
  "fc00:0:4:e003::\/64":[
    {
      "prefix":"fc00:0:4:e003::\/64",
      "protocol":"isis",
      "selected":true,
      "destSelected":true,
      "distance":115,
      "metric":0,
      "installed":true,
      "nexthops":[
        {
          "fib":true,
          "directlyConnected":true,
          "active":true,
          "seg6local":{
            "action":"End.X"
          }
        }
      ]
    }
  ]
}