{
  "20001":{
    "inLabel":20001,
    "installed":true,
    "nexthops":[
      {
        "type":"SR (IS-IS)",
        "outLabel":3,
        "outLabelStack":[
          3
        ],
        "distance":150,
        "installed":true,
        "nexthop":"10.12.0.1"
      }
    ]
  },
  "20003":{
    "inLabel":20003,
    "installed":true,
    "nexthops":[
      {
        "type":"SR (IS-IS)",
        "outLabel":3,
        "outLabelStack":[
          3
        ],
        "distance":150,
        "installed":true,
        "nexthop":"10.23.0.3"
      }
    ]
  },
  "20101":{
    "inLabel":20101,
    "installed":true,
    "nexthops":[
      {
        "type":"SR (IS-IS)",
        "outLabel":20101,
        "outLabelStack":[
          20101
        ],
        "distance":150,
        "installed":true,
        "nexthop":"10.23.0.3"
      }
    ]
  },
  "20103":{
    "inLabel":20103,
    "installed":true,
    "nexthops":[
      {
        "type":"SR (IS-IS)",
        "outLabel":3,
        "outLabelStack":[
          3
        ],
        "distance":150,
        "installed":true,
        "nexthop":"10.23.0.3"
      }
    ]
  },
  "20201":{
    "inLabel":20201,
    "installed":true,
    "nexthops":[
      {
        "type":"SR (IS-IS)",
        "outLabel":3,
        "outLabelStack":[
          3
        ],
        "distance":150,
        "installed":true,
        "nexthop":"10.12.0.1"
      }
    ]
  },
  "20203":{
    "inLabel":20203,
    "installed":true,
    "nexthops":[
      {
        "type":"SR (IS-IS)",
        "outLabel":20203,
        "outLabelStack":[
          20203
        ],
        "distance":150,
        "installed":true,
        "nexthop":"10.12.0.1"
      }
    ]
  },
  "20303":{
    "inLabel":20303,
    "installed":true,
    "nexthops":[
      {
        "type":"SR (IS-IS)",
        "outLabel":3,
        "outLabelStack":[
          3
        ],
        "distance":150,
        "installed":true,
        "nexthop":"10.23.0.3"
      }
    ]
  },
  "20401":{
    "inLabel":20401,
    "installed":true,
    "nexthops":[
      {
        "type":"SR (IS-IS)",
        "outLabel":20401,
        "outLabelStack":[
          20401
        ],
        "distance":150,
        "installed":true,
        "nexthop":"10.23.0.3"
      }
    ]
  },
  "20403":{
    "inLabel":20403,
    "installed":true,
    "nexthops":[
      {
        "type":"SR (IS-IS)",
        "outLabel":3,
        "outLabelStack":[
          3
        ],
        "distance":150,
        "installed":true,
        "nexthop":"10.23.0.3"
      }
    ]
  },
  "20501":{
    "inLabel":20501,
    "installed":true,
    "nexthops":[
      {
        "type":"SR (IS-IS)",
        "outLabel":3,
        "outLabelStack":[
          3
        ],
        "distance":150,
        "installed":true,
        "nexthop":"10.12.0.1"
      }
    ]
  },
  "20503":{
    "inLabel":20503,
    "installed":true,
    "nexthops":[
      {
        "type":"SR (IS-IS)",
        "outLabel":20503,
        "outLabelStack":[
          20503
        ],
        "distance":150,
        "installed":true,
        "nexthop":"10.12.0.1"
      }
    ]
  },
  "20601":{
    "inLabel":20601,
    "installed":true,
    "nexthops":[
      {
        "type":"SR (IS-IS)",
        "outLabel":3,
        "outLabelStack":[
          3
        ],
        "distance":150,
        "installed":true,
        "nexthop":"10.12.0.1"
      }
    ]
  },
  "20603":{
    "inLabel":20603,
    "installed":true,
    "nexthops":[
      {
        "type":"SR (IS-IS)",
        "outLabel":3,
        "outLabelStack":[
          3
        ],
        "distance":150,
        "installed":true,
        "nexthop":"10.23.0.3"
      }
    ]
  },
  "20701":{
    "inLabel":20701,
    "installed":true,
    "nexthops":[
      {
        "type":"SR (IS-IS)",
        "outLabel":20701,
        "outLabelStack":[
          20701
        ],
        "distance":150,
        "installed":true,
        "nexthop":"10.23.0.3"
      }
    ]
  },
  "20703":{
    "inLabel":20703,
    "installed":true,
    "nexthops":[
      {
        "type":"SR (IS-IS)",
        "outLabel":3,
        "outLabelStack":[
          3
        ],
        "distance":150,
        "installed":true,
        "nexthop":"10.23.0.3"
      }
    ]
  },
  "21001":{
    "inLabel":21001,
    "installed":true,
    "nexthops":[
      {
        "type":"SR (IS-IS)",
        "outLabel":3,
        "outLabelStack":[
          3
        ],
        "distance":150,
        "installed":true,
        "interface":"eth-rt1"
      }
    ]
  },
  "21003":{
    "inLabel":21003,
    "installed":true,
    "nexthops":[
      {
        "type":"SR (IS-IS)",
        "outLabel":3,
        "outLabelStack":[
          3
        ],
        "distance":150,
        "installed":true,
        "interface":"eth-rt3"
      }
    ]
  },
  "21101":{
    "inLabel":21101,
    "installed":true,
    "nexthops":[
      {
        "type":"SR (IS-IS)",
        "outLabel":21101,
        "outLabelStack":[
          21101
        ],
        "distance":150,
        "installed":true,
        "interface":"eth-rt3"
      }
    ]
  },
  "21103":{
    "inLabel":21103,
    "installed":true,
    "nexthops":[
      {
        "type":"SR (IS-IS)",
        "outLabel":3,
        "outLabelStack":[
          3
        ],
        "distance":150,
        "installed":true,
        "interface":"eth-rt3"
      }
    ]
  },
  "21201":{
    "inLabel":21201,
    "installed":true,
    "nexthops":[
      {
        "type":"SR (IS-IS)",
        "outLabel":3,
        "outLabelStack":[
          3
        ],
        "distance":150,
        "installed":true,
        "interface":"eth-rt1"
      }
    ]
  },
  "21203":{
    "inLabel":21203,
    "installed":true,
    "nexthops":[
      {
        "type":"SR (IS-IS)",
        "outLabel":21203,
        "outLabelStack":[
          21203
        ],
        "distance":150,
        "installed":true,
        "interface":"eth-rt1"
      }
    ]
  },
  "21303":{
    "inLabel":21303,
    "installed":true,
    "nexthops":[
      {
        "type":"SR (IS-IS)",
        "outLabel":3,
        "outLabelStack":[
          3
        ],
        "distance":150,
        "installed":true,
        "interface":"eth-rt3"
      }
    ]
  },
  "21401":{
    "inLabel":21401,
    "installed":true,
    "nexthops":[
      {
        "type":"SR (IS-IS)",
        "outLabel":21401,
        "outLabelStack":[
          21401
        ],
        "distance":150,
        "installed":true,
        "interface":"eth-rt3"
      }
    ]
  },
  "21403":{
    "inLabel":21403,
    "installed":true,
    "nexthops":[
      {
        "type":"SR (IS-IS)",
        "outLabel":3,
        "outLabelStack":[
          3
        ],
        "distance":150,
        "installed":true,
        "interface":"eth-rt3"
      }
    ]
  },
  "21501":{
    "inLabel":21501,
    "installed":true,
    "nexthops":[
      {
        "type":"SR (IS-IS)",
        "outLabel":3,
        "outLabelStack":[
          3
        ],
        "distance":150,
        "installed":true,
        "interface":"eth-rt1"
      }
    ]
  },
  "21503":{
    "inLabel":21503,
    "installed":true,
    "nexthops":[
      {
        "type":"SR (IS-IS)",
        "outLabel":21503,
        "outLabelStack":[
          21503
        ],
        "distance":150,
        "installed":true,
        "interface":"eth-rt1"
      }
    ]
  },
  "21601":{
    "inLabel":21601,
    "installed":true,
    "nexthops":[
      {
        "type":"SR (IS-IS)",
        "outLabel":3,
        "outLabelStack":[
          3
        ],
        "distance":150,
        "installed":true,
        "interface":"eth-rt1"
      }
    ]
  },
  "21603":{
    "inLabel":21603,
    "installed":true,
    "nexthops":[
      {
        "type":"SR (IS-IS)",
        "outLabel":3,
        "outLabelStack":[
          3
        ],
        "distance":150,
        "installed":true,
        "interface":"eth-rt3"
      }
    ]
  },
  "21701":{
    "inLabel":21701,
    "installed":true,
    "nexthops":[
      {
        "type":"SR (IS-IS)",
        "outLabel":21701,
        "outLabelStack":[
          21701
        ],
        "distance":150,
        "installed":true,
        "interface":"eth-rt3"
      }
    ]
  },
  "21703":{
    "inLabel":21703,
    "installed":true,
    "nexthops":[
      {
        "type":"SR (IS-IS)",
        "outLabel":3,
        "outLabelStack":[
          3
        ],
        "distance":150,
        "installed":true,
        "interface":"eth-rt3"
      }
    ]
  }
}
