r1-eth0 is up
  ifindex X, MTU 1500 bytes, BW XX Mbit <UP,LOWER_UP,BROADCAST,RUNNING,MULTICAST>
  Internet Address 192.168.0.1/24, Broadcast 192.168.0.255, Area 0.0.0.0
  MTU mismatch detection: enabled
  Router ID 192.168.0.1, Network Type BROADCAST, Cost: 10
  Transmit Delay is 1 sec, State DR, Priority 1
  Designated Router (ID) 192.168.0.1 Interface Address 192.168.0.1/24
  No backup designated router on this network
  Multicast group memberships: OSPFAllRouters OSPFDesignatedRouters
  Timer intervals configured, Hello 1s, Dead 5s, Wait 5s, Retransmit 5
    Hello due in XX.XXXs
  Neighbor Count is 0, Adjacent neighbor count is 0
  Graceful Restart hello delay: 10s
  LSA retransmissions: 0
r1-eth3 is up
  ifindex X, MTU 1500 bytes, BW XX Mbit <UP,LOWER_UP,BROADCAST,RUNNING,MULTICAST>
  Internet Address 192.168.3.1/26, Broadcast 192.168.3.63, Area 0.0.0.0
  MTU mismatch detection: enabled
  Router ID 192.168.0.1, Network Type BROADCAST, Cost: 10
  Transmit Delay is 1 sec, State DR, Priority 1
  Designated Router (ID) 192.168.0.1 Interface Address 192.168.3.1/26
  No backup designated router on this network
  Multicast group memberships: OSPFAllRouters OSPFDesignatedRouters
  Timer intervals configured, Hello 1s, Dead 5s, Wait 5s, Retransmit 5
    Hello due in XX.XXXs
  Neighbor Count is 0, Adjacent neighbor count is 0
  Graceful Restart hello delay: 10s
  LSA retransmissions: 0
