BGP table version is 1, local router ID is 192.168.0.1
Status codes: s suppressed, d damped, h history, u unsorted, * valid, > best, = multipath,
              i internal, r RIB-failure, S Stale, R Removed
Origin codes: i - IGP, e - EGP, ? - incomplete

     Network          Next Hop            Metric LocPrf Weight Path
 *>  192.168.0.0      0.0.0.0                  0         32768 i
