{
  "routes":{
    "2001:db8::1/128":{
      "isBestRoute":true,
      "destinationType":"N",
      "pathType":"IA",
      "nextHops":[
        {
          "interfaceName":"eth-rt1"
        }
      ]
    },
    "2001:db8::2/128":{
      "isBestRoute":true,
      "destinationType":"N",
      "pathType":"IA",
      "nextHops":[
        {
          "interfaceName":"lo"
        }
      ]
    },
    "2001:db8::3/128":{
      "isBestRoute":true,
      "destinationType":"N",
      "pathType":"IA",
      "nextHops":[
        {
          "interfaceName":"eth-rt3"
        }
      ]
    },
    "2001:db8::4/128":{
      "isBestRoute":true,
      "destinationType":"N",
      "pathType":"IA",
      "nextHops":[
        {
          "interfaceName":"eth-rt4"
        }
      ]
    },
    "3000::/64":{
      "isBestRoute":true,
      "destinationType":"N",
      "pathType":"E2",
      "nextHops":[
        {
          "interfaceName":"eth-rt3"
        }
      ]
    },
    "4000::/64":{
      "isBestRoute":true,
      "destinationType":"N",
      "pathType":"E2",
      "nextHops":[
        {
          "interfaceName":"eth-rt4"
        }
      ]
    }
  }
}
