{
  "4.4.4.4/32":{
    "routeType":"N",
    "cost":0,
    "area":"0.0.0.2",
    "nexthops":[
      {
        "ip":" ",
        "directlyAttachedTo":"lo"
      }
    ]
  },
  "10.0.3.0/24":{
    "routeType":"N",
    "cost":10,
    "area":"0.0.0.2",
    "nexthops":[
      {
        "ip":" ",
        "directlyAttachedTo":"eth-rt2"
      }
    ]
  }
}
