[
  {
    "Endpoint":"10.254.0.10",
    "Color":1,
    "Status":"Active",
    "Segment List":"20119"
  },
  {
    "Endpoint":"10.254.0.10",
    "Color":2,
    "Status":"Active",
    "Segment List":"20219"
  },
  {
    "Endpoint":"2001:db8:f::a",
    "Color":3,
    "Status":"Active",
    "Segment List":"21319"
  },
  {
    "Endpoint":"2001:db8:f::a",
    "Color":4,
    "Status":"Active",
    "Segment List":"21409"
  }
]
