{
  "2001:db8:1000::1\/128":[
    {
      "prefix":"2001:db8:1000::1\/128",
      "protocol":"isis",
      "selected":true,
      "destSelected":true,
      "distance":115,
      "metric":20,
      "installed":true,
      "nexthops":[
        {
          "fib":true,
          "afi":"ipv6",
          "interfaceName":"eth-rt1",
          "active":true,
          "backupIndex":[
            0
          ]
        }
      ],
      "backupNexthops":[
        {
          "afi":"ipv6",
          "interfaceName":"eth-rt7",
          "active":true
        }
      ]
    }
  ],
  "2001:db8:1000::2\/128":[
    {
      "prefix":"2001:db8:1000::2\/128",
      "protocol":"isis",
      "selected":true,
      "destSelected":true,
      "distance":115,
      "metric":30,
      "installed":true,
      "nexthops":[
        {
          "fib":true,
          "afi":"ipv6",
          "interfaceName":"eth-rt7",
          "active":true
        },
        {
          "fib":true,
          "afi":"ipv6",
          "interfaceName":"eth-rt1",
          "active":true
        }
      ]
    }
  ],
  "2001:db8:1000::3\/128":[
    {
      "prefix":"2001:db8:1000::3\/128",
      "protocol":"isis",
      "selected":true,
      "destSelected":true,
      "distance":115,
      "metric":30,
      "installed":true,
      "nexthops":[
        {
          "fib":true,
          "afi":"ipv6",
          "interfaceName":"eth-rt1",
          "active":true,
          "backupIndex":[
            0
          ]
        }
      ],
      "backupNexthops":[
        {
          "afi":"ipv6",
          "interfaceName":"eth-rt7",
          "active":true
        }
      ]
    }
  ],
  "2001:db8:1000::5\/128":[
    {
      "prefix":"2001:db8:1000::5\/128",
      "protocol":"isis",
      "selected":true,
      "destSelected":true,
      "distance":115,
      "metric":35,
      "installed":true,
      "nexthops":[
        {
          "fib":true,
          "afi":"ipv6",
          "interfaceName":"eth-rt7",
          "active":true,
          "backupIndex":[
            0
          ]
        }
      ],
      "backupNexthops":[
        {
          "afi":"ipv6",
          "interfaceName":"eth-rt1",
          "active":true
        }
      ]
    }
  ],
  "2001:db8:1000::6\/128":[
    {
      "prefix":"2001:db8:1000::6\/128",
      "protocol":"isis",
      "selected":true,
      "destSelected":true,
      "distance":115,
      "metric":30,
      "installed":true,
      "nexthops":[
        {
          "fib":true,
          "afi":"ipv6",
          "interfaceName":"eth-rt1",
          "active":true,
          "backupIndex":[
            0
          ]
        }
      ],
      "backupNexthops":[
        {
          "afi":"ipv6",
          "interfaceName":"eth-rt7",
          "active":true
        }
      ]
    }
  ],
  "2001:db8:1000::7\/128":[
    {
      "prefix":"2001:db8:1000::7\/128",
      "protocol":"isis",
      "selected":true,
      "destSelected":true,
      "distance":115,
      "metric":25,
      "installed":true,
      "nexthops":[
        {
          "fib":true,
          "afi":"ipv6",
          "interfaceName":"eth-rt7",
          "active":true,
          "backupIndex":[
            0
          ]
        }
      ],
      "backupNexthops":[
        {
          "afi":"ipv6",
          "interfaceName":"eth-rt1",
          "active":true
        }
      ]
    }
  ]
}
