{
  "fc00:0:2::/128":[
    {
      "prefix":"fc00:0:2::/128",
      "prefixLen":128,
      "protocol":"isis",
      "vrfId":0,
      "vrfName":"default",
      "selected":true,
      "installed":true,
      "table":254,
      "nexthops":[
        {
          "flags":3,
          "fib":true,
          "directlyConnected":true,
          "weight":1,
          "seg6local":{
            "action":"End"
          }
        }
      ]
    }
  ]
}
