{
  "2001:db8:1000::1\/128":[
    {
      "prefix":"2001:db8:1000::1\/128",
      "protocol":"isis",
      "selected":true,
      "destSelected":true,
      "distance":115,
      "metric":30,
      "installed":true,
      "nexthops":[
        {
          "fib":true,
          "afi":"ipv6",
          "interfaceName":"eth-rt2-1",
          "active":true
        },
        {
          "fib":true,
          "afi":"ipv6",
          "interfaceName":"eth-rt2-2",
          "active":true
        }
      ]
    }
  ],
  "2001:db8:1000::2\/128":[
    {
      "prefix":"2001:db8:1000::2\/128",
      "protocol":"isis",
      "selected":true,
      "destSelected":true,
      "distance":115,
      "metric":20,
      "installed":true,
      "nexthops":[
        {
          "fib":true,
          "afi":"ipv6",
          "interfaceName":"eth-rt2-1",
          "active":true
        },
        {
          "fib":true,
          "afi":"ipv6",
          "interfaceName":"eth-rt2-2",
          "active":true
        }
      ]
    }
  ],
  "2001:db8:1000::3\/128":[
    {
      "prefix":"2001:db8:1000::3\/128",
      "protocol":"isis",
      "selected":true,
      "destSelected":true,
      "distance":115,
      "metric":30,
      "installed":true,
      "nexthops":[
        {
          "fib":true,
          "afi":"ipv6",
          "interfaceName":"eth-rt2-1",
          "active":true
        },
        {
          "fib":true,
          "afi":"ipv6",
          "interfaceName":"eth-rt2-2",
          "active":true
        },
        {
          "fib":true,
          "afi":"ipv6",
          "interfaceName":"eth-rt5",
          "active":true
        }
      ]
    }
  ],
  "2001:db8:1000::5\/128":[
    {
      "prefix":"2001:db8:1000::5\/128",
      "protocol":"isis",
      "selected":true,
      "destSelected":true,
      "distance":115,
      "metric":20,
      "installed":true,
      "nexthops":[
        {
          "fib":true,
          "afi":"ipv6",
          "interfaceName":"eth-rt5",
          "active":true
        }
      ]
    }
  ],
  "2001:db8:1000::6\/128":[
    {
      "prefix":"2001:db8:1000::6\/128",
      "protocol":"isis",
      "selected":true,
      "destSelected":true,
      "distance":115,
      "metric":20,
      "installed":true,
      "nexthops":[
        {
          "fib":true,
          "afi":"ipv6",
          "interfaceName":"eth-rt6",
          "active":true
        }
      ]
    }
  ]
}
