[
  {
    "area":"1",
    "algorithm":0,
    "level-1":{
      "area":"1",
      "ipv4":[
        {
          "Prefix":"1.1.1.1\/32",
          "Metric":0,
          "Interface":"-",
          "Nexthop":"-",
          "Label(s)":"-"
        },
        {
          "Prefix":"2.2.2.2\/32",
          "Metric":10,
          "Interface":"r1-eth1",
          "Nexthop":"10.0.1.2",
          "Label(s)":"-"
        },
        {
          "Prefix":"3.3.3.3\/32",
          "Metric":10,
          "Interface":"r1-eth2",
          "Nexthop":"10.0.2.3",
          "Label(s)":"-"
        },
        {
          "Prefix":"10.0.1.0\/24",
          "Metric":10,
          "Interface":"r1-eth1",
          "Nexthop":"10.0.1.2",
          "Label(s)":"-"
        },
        {
          "Prefix":"10.0.2.0\/24",
          "Metric":10,
          "Interface":"r1-eth2",
          "Nexthop":"10.0.2.3",
          "Label(s)":"-"
        },
        {
          "Prefix":"10.0.3.0\/24",
          "Metric":10,
          "Interface":"r1-eth1",
          "Nexthop":"10.0.1.2",
          "Label(s)":"-"
        },
        {
          "Prefix":"10.0.3.0\/24",
          "Metric":10,
          "Interface":"r1-eth2",
          "Nexthop":"10.0.2.3",
          "Label(s)":"-"
        },
        {
          "Prefix":"172.16.1.0\/24",
          "Metric":10,
          "Interface":"r1-eth1",
          "Nexthop":"10.0.1.2",
          "Label(s)":"-"
        }
      ],
      "ipv6":[
      ]
    },
    "level-2":{
      "area":"1",
      "ipv4":[
        {
          "Prefix":"10.0.1.0\/24",
          "Metric":0,
          "Interface":"-",
          "Nexthop":"-",
          "Label(s)":"-"
        },
        {
          "Prefix":"10.0.2.0\/24",
          "Metric":0,
          "Interface":"-",
          "Nexthop":"-",
          "Label(s)":"-"
        }
      ],
      "ipv6":[
      ]
    },
    "vrf_id":0
  }
]