{
  "bindings":[
    {
      "addressFamily":"ipv4",
      "prefix":"1.1.1.1/32",
      "neighborId":"1.1.1.1",
      "localLabel":"16",
      "remoteLabel":"imp-null",
      "inUse":1
    },
    {
      "addressFamily":"ipv4",
      "prefix":"1.1.1.1/32",
      "neighborId":"2.2.2.2",
      "localLabel":"16",
      "remoteLabel":"17",
      "inUse":0
    },
    {
      "addressFamily":"ipv4",
      "prefix":"2.2.2.2/32",
      "neighborId":"1.1.1.1",
      "localLabel":"17",
      "remoteLabel":"17",
      "inUse":0
    },
    {
      "addressFamily":"ipv4",
      "prefix":"2.2.2.2/32",
      "neighborId":"2.2.2.2",
      "localLabel":"17",
      "remoteLabel":"imp-null",
      "inUse":1
    },
    {
      "addressFamily":"ipv4",
      "prefix":"3.3.3.3/32",
      "neighborId":"1.1.1.1",
      "localLabel":"imp-null",
      "remoteLabel":"18",
      "inUse":0
    },
    {
      "addressFamily":"ipv4",
      "prefix":"3.3.3.3/32",
      "neighborId":"2.2.2.2",
      "localLabel":"imp-null",
      "remoteLabel":"18",
      "inUse":0
    }
  ]
}
