{
  "10.0.255.2\/32":[
    {
      "prefix":"10.0.255.2\/32",
      "protocol":"isis",
      "selected":true,
      "destSelected":true,
      "distance":115,
      "metric":20,
      "installed":true,
      "nexthops":[
        {
          "fib":true,
          "ip":"10.0.255.2",
          "afi":"ipv4",
          "interfaceName":"eth-rt2",
          "active":true,
          "onLink":true,
          "backupIndex":[
            0
          ]
        }
      ],
      "backupNexthops":[
        {
          "ip":"10.0.255.3",
          "afi":"ipv4",
          "interfaceName":"eth-rt3",
          "active":true,
          "onLink":true,
          "labels":"*"
        }
      ]
    }
  ],
  "10.0.255.3\/32":[
    {
      "prefix":"10.0.255.3\/32",
      "protocol":"isis",
      "selected":true,
      "destSelected":true,
      "distance":115,
      "metric":20,
      "installed":true,
      "nexthops":[
        {
          "fib":true,
          "ip":"10.0.255.3",
          "afi":"ipv4",
          "interfaceName":"eth-rt3",
          "active":true,
          "onLink":true,
          "backupIndex":[
            0
          ]
        }
      ],
      "backupNexthops":[
        {
          "ip":"10.0.255.2",
          "afi":"ipv4",
          "interfaceName":"eth-rt2",
          "active":true,
          "onLink":true,
          "labels":"*"
        }
      ]
    }
  ],
  "10.0.255.4\/32":[
    {
      "prefix":"10.0.255.4\/32",
      "protocol":"isis",
      "selected":true,
      "destSelected":true,
      "distance":115,
      "metric":30,
      "installed":true,
      "nexthops":[
        {
          "fib":true,
          "ip":"10.0.255.2",
          "afi":"ipv4",
          "interfaceName":"eth-rt2",
          "active":true,
          "onLink":true,
          "backupIndex":[
            0
          ]
        }
      ],
      "backupNexthops":[
        {
          "ip":"10.0.255.3",
          "afi":"ipv4",
          "interfaceName":"eth-rt3",
          "active":true,
          "onLink":true,
          "labels":"*"
        }
      ]
    }
  ],
  "10.0.255.5\/32":[
    {
      "prefix":"10.0.255.5\/32",
      "protocol":"isis",
      "selected":true,
      "destSelected":true,
      "distance":115,
      "metric":30,
      "installed":true,
      "nexthops":[
        {
          "fib":true,
          "ip":"10.0.255.3",
          "afi":"ipv4",
          "interfaceName":"eth-rt3",
          "active":true,
          "onLink":true,
          "backupIndex":[
            0
          ]
        }
      ],
      "backupNexthops":[
        {
          "ip":"10.0.255.2",
          "afi":"ipv4",
          "interfaceName":"eth-rt2",
          "active":true,
          "onLink":true,
          "labels":"*"
        }
      ]
    }
  ],
  "10.0.255.6\/32":[
    {
      "prefix":"10.0.255.6\/32",
      "protocol":"isis",
      "selected":true,
      "destSelected":true,
      "distance":115,
      "metric":40,
      "installed":true,
      "nexthops":[
        {
          "fib":true,
          "ip":"10.0.255.2",
          "afi":"ipv4",
          "interfaceName":"eth-rt2",
          "active":true,
          "onLink":true,
          "backupIndex":[
            0
          ]
        }
      ],
      "backupNexthops":[
        {
          "ip":"10.0.255.3",
          "afi":"ipv4",
          "interfaceName":"eth-rt3",
          "active":true,
          "onLink":true,
          "labels":"*"
        }
      ]
    }
  ],
  "10.0.255.7\/32":[
    {
      "prefix":"10.0.255.7\/32",
      "protocol":"isis",
      "selected":true,
      "destSelected":true,
      "distance":115,
      "metric":40,
      "installed":true,
      "nexthops":[
        {
          "fib":true,
          "ip":"10.0.255.3",
          "afi":"ipv4",
          "interfaceName":"eth-rt3",
          "active":true,
          "onLink":true,
          "backupIndex":[
            0
          ]
        }
      ],
      "backupNexthops":[
        {
          "ip":"10.0.255.2",
          "afi":"ipv4",
          "interfaceName":"eth-rt2",
          "active":true,
          "onLink":true,
          "labels":"*"
        }
      ]
    }
  ],
  "10.0.255.8\/32":[
    {
      "prefix":"10.0.255.8\/32",
      "protocol":"isis",
      "selected":true,
      "destSelected":true,
      "distance":115,
      "metric":50,
      "installed":true,
      "nexthops":[
        {
          "fib":true,
          "ip":"10.0.255.2",
          "afi":"ipv4",
          "interfaceName":"eth-rt2",
          "active":true,
          "onLink":true
        },
        {
          "fib":true,
          "ip":"10.0.255.3",
          "afi":"ipv4",
          "interfaceName":"eth-rt3",
          "active":true,
          "onLink":true
        }
      ]
    }
  ]
}
