{
  "2001:db8::2\/128":[
    {
      "prefix":"2001:db8::2\/128",
      "protocol":"isis",
      "selected":true,
      "destSelected":true,
      "distance":115,
      "metric":20,
      "installed":true,
      "nexthops":[
        {
          "fib":true,
          "afi":"ipv6",
          "interfaceName":"eth-rt2",
          "active":true,
          "backupIndex":[
            0
          ]
        }
      ],
      "backupNexthops":[
        {
          "afi":"ipv6",
          "interfaceName":"eth-rt3",
          "active":true,
          "labels":"*"
        }
      ]
    }
  ],
  "2001:db8::3\/128":[
    {
      "prefix":"2001:db8::3\/128",
      "protocol":"isis",
      "selected":true,
      "destSelected":true,
      "distance":115,
      "metric":20,
      "installed":true,
      "nexthops":[
        {
          "fib":true,
          "afi":"ipv6",
          "interfaceName":"eth-rt3",
          "active":true,
          "backupIndex":[
            0
          ]
        }
      ],
      "backupNexthops":[
        {
          "afi":"ipv6",
          "interfaceName":"eth-rt2",
          "active":true,
          "labels":"*"
        }
      ]
    }
  ],
  "2001:db8::4\/128":[
    {
      "prefix":"2001:db8::4\/128",
      "protocol":"isis",
      "selected":true,
      "destSelected":true,
      "distance":115,
      "metric":30,
      "installed":true,
      "nexthops":[
        {
          "fib":true,
          "afi":"ipv6",
          "interfaceName":"eth-rt2",
          "active":true,
          "backupIndex":[
            0
          ]
        }
      ],
      "backupNexthops":[
        {
          "afi":"ipv6",
          "interfaceName":"eth-rt3",
          "active":true,
          "labels":"*"
        }
      ]
    }
  ],
  "2001:db8::5\/128":[
    {
      "prefix":"2001:db8::5\/128",
      "protocol":"isis",
      "selected":true,
      "destSelected":true,
      "distance":115,
      "metric":30,
      "installed":true,
      "nexthops":[
        {
          "fib":true,
          "afi":"ipv6",
          "interfaceName":"eth-rt3",
          "active":true,
          "backupIndex":[
            0
          ]
        }
      ],
      "backupNexthops":[
        {
          "afi":"ipv6",
          "interfaceName":"eth-rt2",
          "active":true,
          "labels":"*"
        }
      ]
    }
  ],
  "2001:db8::6\/128":[
    {
      "prefix":"2001:db8::6\/128",
      "protocol":"isis",
      "selected":true,
      "destSelected":true,
      "distance":115,
      "metric":40,
      "installed":true,
      "nexthops":[
        {
          "fib":true,
          "afi":"ipv6",
          "interfaceName":"eth-rt2",
          "active":true,
          "backupIndex":[
            0
          ]
        }
      ],
      "backupNexthops":[
        {
          "afi":"ipv6",
          "interfaceName":"eth-rt3",
          "active":true,
          "labels":"*"
        }
      ]
    }
  ],
  "2001:db8::7\/128":[
    {
      "prefix":"2001:db8::7\/128",
      "protocol":"isis",
      "selected":true,
      "destSelected":true,
      "distance":115,
      "metric":40,
      "installed":true,
      "nexthops":[
        {
          "fib":true,
          "afi":"ipv6",
          "interfaceName":"eth-rt3",
          "active":true,
          "backupIndex":[
            0
          ]
        }
      ],
      "backupNexthops":[
        {
          "afi":"ipv6",
          "interfaceName":"eth-rt2",
          "active":true,
          "labels":"*"
        }
      ]
    }
  ],
  "2001:db8::8\/128":[
    {
      "prefix":"2001:db8::8\/128",
      "protocol":"isis",
      "selected":true,
      "destSelected":true,
      "distance":115,
      "metric":50,
      "installed":true,
      "nexthops":[
        {
          "fib":true,
          "afi":"ipv6",
          "interfaceName":"eth-rt3",
          "active":true
        },
        {
          "fib":true,
          "afi":"ipv6",
          "interfaceName":"eth-rt2",
          "active":true
        }
      ]
    }
  ]
}
