O   fc00:2:2:2::/64 [110/10] is directly connected, r2-stubnet, weight 1, XX:XX:XX
O>* fc00:3:3:3::/64 [110/20] via fe80::XXXX:XXXX:XXXX:XXXX, r2-sw5, weight 1, XX:XX:XX
O   fc00:a:a:a::/64 [110/10] is directly connected, r2-sw5, weight 1, XX:XX:XX
O>* fc00:3333:3333:3333::/64 [110/20] via fe80::XXXX:XXXX:XXXX:XXXX, r2-sw5, weight 1, XX:XX:XX

