{
  "::ffff:2.2.2.2\/128":[
    {
      "prefix":"::ffff:2.2.2.2\/128",
      "protocol":"ospf6",
      "selected":true,
      "destSelected":true,
      "installed":true,
      "nexthops":[
        {
          "fib":true,
          "afi":"ipv6",
          "interfaceName":"eth-rt2",
          "active":true
        }
      ]
    }
  ],
  "::ffff:3.3.3.3\/128":[
    {
      "prefix":"::ffff:3.3.3.3\/128",
      "protocol":"ospf6",
      "selected":true,
      "destSelected":true,
      "installed":true,
      "nexthops":[
        {
          "fib":true,
          "afi":"ipv6",
          "interfaceName":"eth-rt3",
          "active":true
        }
      ]
    }
  ],
  "::ffff:4.4.4.4\/128":[
    {
      "prefix":"::ffff:4.4.4.4\/128",
      "protocol":"ospf6",
      "selected":true,
      "destSelected":true,
      "installed":true,
      "nexthops":[
        {
          "fib":true,
          "afi":"ipv6",
          "interfaceName":"eth-rt3",
          "active":true
        }
      ]
    }
  ],
  "::ffff:5.5.5.5\/128":[
    {
      "prefix":"::ffff:5.5.5.5\/128",
      "protocol":"ospf6",
      "selected":true,
      "destSelected":true,
      "installed":true,
      "nexthops":[
        {
          "fib":true,
          "afi":"ipv6",
          "interfaceName":"eth-rt2",
          "active":true
        }
      ]
    }
  ]
}
