{
  "::ffff:202:202\/128":[
    {
      "prefix":"::ffff:202:202\/128",
      "protocol":"ospf6",
      "selected":true,
      "destSelected":true,
      "installed":true,
      "nexthops":[
        {
          "fib":true,
          "afi":"ipv6",
          "interfaceName":"eth-rt2",
          "active":true
        }
      ]
    }
  ],
  "::ffff:303:303\/128":[
    {
      "prefix":"::ffff:303:303\/128",
      "protocol":"ospf6",
      "selected":true,
      "destSelected":true,
      "installed":true,
      "nexthops":[
        {
          "fib":true,
          "afi":"ipv6",
          "interfaceName":"eth-rt2",
          "active":true
        }
      ]
    }
  ],
  "::ffff:404:404\/128":[
    {
      "prefix":"::ffff:404:404\/128",
      "protocol":"ospf6",
      "selected":true,
      "destSelected":true,
      "installed":true,
      "nexthops":[
        {
          "fib":true,
          "afi":"ipv6",
          "interfaceName":"eth-rt2",
          "active":true
        }
      ]
    }
  ],
  "::ffff:505:505\/128":[
    {
      "prefix":"::ffff:505:505\/128",
      "protocol":"ospf6",
      "selected":true,
      "destSelected":true,
      "installed":true,
      "nexthops":[
        {
          "fib":true,
          "afi":"ipv6",
          "interfaceName":"eth-rt2",
          "active":true
        }
      ]
    }
  ]
}
