{
  "vrfId": 0,
  "vrfName": "default",
  "routerId": "6.6.6.6",
  "defaultLocPrf": 100,
  "localAS": 6,
  "routes": {
    "routeDistinguishers": {
      "1:10": {
        "2001:1::/64": [
          {
            "valid": true,
            "bestpath": true,
            "selectionReason": "First path received",
            "pathFrom": "external",
            "prefix": "2001:1::",
            "prefixLen": 64,
            "network": "2001:1::/64",
            "metric": 0,
            "weight": 0,
            "peerId": "fc00:0:1::1",
            "path": "1",
            "origin": "incomplete",
            "nexthops": [
              {
                "ip": "fc00:0:1::1",
                "hostname": "rt1",
                "afi": "ipv6",
                "used": true
              }
            ]
          }
        ],
        "2001:3::/64": [
          {
            "valid": true,
            "bestpath": true,
            "selectionReason": "First path received",
            "pathFrom": "external",
            "prefix": "2001:3::",
            "prefixLen": 64,
            "network": "2001:3::/64",
            "metric": 0,
            "weight": 0,
            "peerId": "fc00:0:1::1",
            "path": "1",
            "origin": "incomplete",
            "nexthops": [
              {
                "ip": "fc00:0:1::1",
                "hostname": "rt1",
                "afi": "ipv6",
                "used": true
              }
            ]
          }
        ]
      },
      "1:20": {
        "2001:5::/64": [
          {
            "valid": true,
            "bestpath": true,
            "selectionReason": "First path received",
            "pathFrom": "external",
            "prefix": "2001:5::",
            "prefixLen": 64,
            "network": "2001:5::/64",
            "metric": 0,
            "weight": 0,
            "peerId": "fc00:0:1::1",
            "path": "1",
            "origin": "incomplete",
            "nexthops": [
              {
                "ip": "fc00:0:1::1",
                "hostname": "rt1",
                "afi": "ipv6",
                "used": true
              }
            ]
          }
        ]
      },
      "6:10": {
        "2001:2::/64": [
          {
            "valid": true,
            "bestpath": true,
            "selectionReason": "First path received",
            "pathFrom": "external",
            "prefix": "2001:2::",
            "prefixLen": 64,
            "network": "2001:2::/64",
            "metric": 0,
            "weight": 32768,
            "peerId": "(unspec)",
            "path": "",
            "origin": "incomplete",
            "announceNexthopSelf": true,
            "nhVrfName": "vrf10",
            "nexthops": [
              {
                "ip": "::",
                "hostname": "rt6",
                "afi": "ipv6",
                "used": true
              }
            ]
          }
        ]
      },
      "6:20": {
        "2001:4::/64": [
          {
            "valid": true,
            "bestpath": true,
            "selectionReason": "First path received",
            "pathFrom": "external",
            "prefix": "2001:4::",
            "prefixLen": 64,
            "network": "2001:4::/64",
            "metric": 0,
            "weight": 32768,
            "peerId": "(unspec)",
            "path": "",
            "origin": "incomplete",
            "announceNexthopSelf": true,
            "nhVrfName": "vrf20",
            "nexthops": [
              {
                "ip": "::",
                "hostname": "rt6",
                "afi": "ipv6",
                "used": true
              }
            ]
          }
        ],
        "2001:6::/64": [
          {
            "valid": true,
            "bestpath": true,
            "selectionReason": "First path received",
            "pathFrom": "external",
            "prefix": "2001:6::",
            "prefixLen": 64,
            "network": "2001:6::/64",
            "metric": 0,
            "weight": 32768,
            "peerId": "(unspec)",
            "path": "",
            "origin": "incomplete",
            "announceNexthopSelf": true,
            "nhVrfName": "vrf20",
            "nexthops": [
              {
                "ip": "::",
                "hostname": "rt6",
                "afi": "ipv6",
                "used": true
              }
            ]
          }
        ]
      }
    }
  }
}
