{
  "frr-pathd:pathd": {
    "srte": {
      "segment-list": [
        {
          "name": "default"
        },
        {
          "name": "test"
        }
      ],
      "policy": [
        {
          "color": 1,
          "endpoint": "1.1.1.1",
          "is-operational": false
        }
      ]
    }
  }
}
