{
  "20002":{
    "inLabel":20002,
    "installed":true,
    "nexthops":[
      {
        "type":"SR (IS-IS)",
        "outLabel":3,
        "outLabelStack":[
          3
        ],
        "distance":150,
        "installed":true,
        "nexthop":"10.12.0.2"
      }
    ]
  },
  "20003":{
    "inLabel":20003,
    "installed":true,
    "nexthops":[
      {
        "type":"SR (IS-IS)",
        "outLabel":3,
        "outLabelStack":[
          3
        ],
        "distance":150,
        "installed":true,
        "nexthop":"10.13.0.3"
      }
    ]
  },
  "20102":{
    "inLabel":20102,
    "installed":true,
    "nexthops":[
      {
        "type":"SR (IS-IS)",
        "outLabel":20102,
        "outLabelStack":[
          20102
        ],
        "distance":150,
        "installed":true,
        "nexthop":"10.13.0.3"
      }
    ]
  },
  "20103":{
    "inLabel":20103,
    "installed":true,
    "nexthops":[
      {
        "type":"SR (IS-IS)",
        "outLabel":3,
        "outLabelStack":[
          3
        ],
        "distance":150,
        "installed":true,
        "nexthop":"10.13.0.3"
      }
    ]
  },
  "20202":{
    "inLabel":20202,
    "installed":true,
    "nexthops":[
      {
        "type":"SR (IS-IS)",
        "outLabel":3,
        "outLabelStack":[
          3
        ],
        "distance":150,
        "installed":true,
        "nexthop":"10.12.0.2"
      }
    ]
  },
  "20203":{
    "inLabel":20203,
    "installed":true,
    "nexthops":[
      {
        "type":"SR (IS-IS)",
        "outLabel":3,
        "outLabelStack":[
          3
        ],
        "distance":150,
        "installed":true,
        "nexthop":"10.13.0.3"
      }
    ]
  },
  "20302":{
    "inLabel":20302,
    "installed":true,
    "nexthops":[
      {
        "type":"SR (IS-IS)",
        "outLabel":3,
        "outLabelStack":[
          3
        ],
        "distance":150,
        "installed":true,
        "nexthop":"10.12.0.2"
      }
    ]
  },
  "20303":{
    "inLabel":20303,
    "installed":true,
    "nexthops":[
      {
        "type":"SR (IS-IS)",
        "outLabel":20303,
        "outLabelStack":[
          20303
        ],
        "distance":150,
        "installed":true,
        "nexthop":"10.12.0.2"
      }
    ]
  },
  "20402":{
    "inLabel":20402,
    "installed":true,
    "nexthops":[
      {
        "type":"SR (IS-IS)",
        "outLabel":20402,
        "outLabelStack":[
          20402
        ],
        "distance":150,
        "installed":true,
        "nexthop":"10.13.0.3"
      }
    ]
  },
  "20403":{
    "inLabel":20403,
    "installed":true,
    "nexthops":[
      {
        "type":"SR (IS-IS)",
        "outLabel":3,
        "outLabelStack":[
          3
        ],
        "distance":150,
        "installed":true,
        "nexthop":"10.13.0.3"
      }
    ]
  },
  "20502":{
    "inLabel":20502,
    "installed":true,
    "nexthops":[
      {
        "type":"SR (IS-IS)",
        "outLabel":3,
        "outLabelStack":[
          3
        ],
        "distance":150,
        "installed":true,
        "nexthop":"10.12.0.2"
      }
    ]
  },
  "20503":{
    "inLabel":20503,
    "installed":true,
    "nexthops":[
      {
        "type":"SR (IS-IS)",
        "outLabel":3,
        "outLabelStack":[
          3
        ],
        "distance":150,
        "installed":true,
        "nexthop":"10.13.0.3"
      }
    ]
  },
  "20602":{
    "inLabel":20602,
    "installed":true,
    "nexthops":[
      {
        "type":"SR (IS-IS)",
        "outLabel":3,
        "outLabelStack":[
          3
        ],
        "distance":150,
        "installed":true,
        "nexthop":"10.12.0.2"
      }
    ]
  },
  "20603":{
    "inLabel":20603,
    "installed":true,
    "nexthops":[
      {
        "type":"SR (IS-IS)",
        "outLabel":20603,
        "outLabelStack":[
          20603
        ],
        "distance":150,
        "installed":true,
        "nexthop":"10.12.0.2"
      }
    ]
  },
  "20702":{
    "inLabel":20702,
    "installed":true,
    "nexthops":[
      {
        "type":"SR (IS-IS)",
        "outLabel":20702,
        "outLabelStack":[
          20702
        ],
        "distance":150,
        "installed":true,
        "nexthop":"10.13.0.3"
      }
    ]
  },
  "20703":{
    "inLabel":20703,
    "installed":true,
    "nexthops":[
      {
        "type":"SR (IS-IS)",
        "outLabel":3,
        "outLabelStack":[
          3
        ],
        "distance":150,
        "installed":true,
        "nexthop":"10.13.0.3"
      }
    ]
  },
  "21002":{
    "inLabel":21002,
    "installed":true,
    "nexthops":[
      {
        "type":"SR (IS-IS)",
        "outLabel":3,
        "outLabelStack":[
          3
        ],
        "distance":150,
        "installed":true,
        "interface":"eth-rt2"
      }
    ]
  },
  "21003":{
    "inLabel":21003,
    "installed":true,
    "nexthops":[
      {
        "type":"SR (IS-IS)",
        "outLabel":3,
        "outLabelStack":[
          3
        ],
        "distance":150,
        "installed":true,
        "interface":"eth-rt3"
      }
    ]
  },
  "21102":{
    "inLabel":21102,
    "installed":true,
    "nexthops":[
      {
        "type":"SR (IS-IS)",
        "outLabel":21102,
        "outLabelStack":[
          21102
        ],
        "distance":150,
        "installed":true,
        "interface":"eth-rt3"
      }
    ]
  },
  "21103":{
    "inLabel":21103,
    "installed":true,
    "nexthops":[
      {
        "type":"SR (IS-IS)",
        "outLabel":3,
        "outLabelStack":[
          3
        ],
        "distance":150,
        "installed":true,
        "interface":"eth-rt3"
      }
    ]
  },
  "21202":{
    "inLabel":21202,
    "installed":true,
    "nexthops":[
      {
        "type":"SR (IS-IS)",
        "outLabel":3,
        "outLabelStack":[
          3
        ],
        "distance":150,
        "installed":true,
        "interface":"eth-rt2"
      }
    ]
  },
  "21203":{
    "inLabel":21203,
    "installed":true,
    "nexthops":[
      {
        "type":"SR (IS-IS)",
        "outLabel":3,
        "outLabelStack":[
          3
        ],
        "distance":150,
        "installed":true,
        "interface":"eth-rt3"
      }
    ]
  },
  "21302":{
    "inLabel":21302,
    "installed":true,
    "nexthops":[
      {
        "type":"SR (IS-IS)",
        "outLabel":3,
        "outLabelStack":[
          3
        ],
        "distance":150,
        "installed":true,
        "interface":"eth-rt2"
      }
    ]
  },
  "21303":{
    "inLabel":21303,
    "installed":true,
    "nexthops":[
      {
        "type":"SR (IS-IS)",
        "outLabel":21303,
        "outLabelStack":[
          21303
        ],
        "distance":150,
        "installed":true,
        "interface":"eth-rt2"
      }
    ]
  },
  "21402":{
    "inLabel":21402,
    "installed":true,
    "nexthops":[
      {
        "type":"SR (IS-IS)",
        "outLabel":21402,
        "outLabelStack":[
          21402
        ],
        "distance":150,
        "installed":true,
        "interface":"eth-rt3"
      }
    ]
  },
  "21403":{
    "inLabel":21403,
    "installed":true,
    "nexthops":[
      {
        "type":"SR (IS-IS)",
        "outLabel":3,
        "outLabelStack":[
          3
        ],
        "distance":150,
        "installed":true,
        "interface":"eth-rt3"
      }
    ]
  },
  "21502":{
    "inLabel":21502,
    "installed":true,
    "nexthops":[
      {
        "type":"SR (IS-IS)",
        "outLabel":3,
        "outLabelStack":[
          3
        ],
        "distance":150,
        "installed":true,
        "interface":"eth-rt2"
      }
    ]
  },
  "21503":{
    "inLabel":21503,
    "installed":true,
    "nexthops":[
      {
        "type":"SR (IS-IS)",
        "outLabel":3,
        "outLabelStack":[
          3
        ],
        "distance":150,
        "installed":true,
        "interface":"eth-rt3"
      }
    ]
  },
  "21602":{
    "inLabel":21602,
    "installed":true,
    "nexthops":[
      {
        "type":"SR (IS-IS)",
        "outLabel":3,
        "outLabelStack":[
          3
        ],
        "distance":150,
        "installed":true,
        "interface":"eth-rt2"
      }
    ]
  },
  "21603":{
    "inLabel":21603,
    "installed":true,
    "nexthops":[
      {
        "type":"SR (IS-IS)",
        "outLabel":21603,
        "outLabelStack":[
          21603
        ],
        "distance":150,
        "installed":true,
        "interface":"eth-rt2"
      }
    ]
  },
  "21702":{
    "inLabel":21702,
    "installed":true,
    "nexthops":[
      {
        "type":"SR (IS-IS)",
        "outLabel":21702,
        "outLabelStack":[
          21702
        ],
        "distance":150,
        "installed":true,
        "interface":"eth-rt3"
      }
    ]
  },
  "21703":{
    "inLabel":21703,
    "installed":true,
    "nexthops":[
      {
        "type":"SR (IS-IS)",
        "outLabel":3,
        "outLabelStack":[
          3
        ],
        "distance":150,
        "installed":true,
        "interface":"eth-rt3"
      }
    ]
  }
}
