Codes: K - kernel route, C - connected, L - local, S - static,
       R - RIPng, O - OSPF, I - IS-IS, B - BGP, E - EIGRP, N - NHRP,
       T - Table, v - VNC, V - VNC-Direct, A - Babel, F - PBR,
       f - OpenFabric, t - Table-Direct
Sub-codes:
      (n) - normal, (s) - static, (d) - default, (r) - redistribute,
      (i) - interface, (a/S) - aggregated/Suppressed

   Network      Next Hop                      Via     Metric Tag Time
C(i) fc00:5::/64
                  ::                          self       1    0
R(n) fc00:6::/62
                  fe80::XXXX:XXXX:XXXX:XXXX   r1-eth1    2    0  XX:XX
R(n) fc00:7::/64
                  fe80::XXXX:XXXX:XXXX:XXXX   r1-eth1    3    0  XX:XX
R(n) fc00:7:1111::/64
                  fe80::XXXX:XXXX:XXXX:XXXX   r1-eth1    3    0  XX:XX
C(i) fc00:98:0:1::/64
                  ::                          self       1    0
C(i) fc00:99:0:1::/64
                  ::                          self       1    0
