{
  "2.2.2.2\/32":[
    {
      "prefix":"2.2.2.2\/32",
      "protocol":"isis",
      "selected":true,
      "destSelected":true,
      "installed":true,
      "nexthops":[
        {
          "fib":true,
          "ip":"10.0.1.2",
          "afi":"ipv4",
          "interfaceName":"eth-rt2",
          "active":true
        }
      ]
    }
  ],
  "3.3.3.3\/32":[
    {
      "prefix":"3.3.3.3\/32",
      "protocol":"isis",
      "selected":true,
      "destSelected":true,
      "installed":true,
      "nexthops":[
        {
          "fib":true,
          "ip":"10.0.1.2",
          "afi":"ipv4",
          "interfaceName":"eth-rt2",
          "active":true
        }
      ]
    }
  ],
  "4.4.4.4\/32":[
    {
      "prefix":"4.4.4.4\/32",
      "protocol":"isis",
      "selected":true,
      "destSelected":true,
      "installed":true,
      "nexthops":[
        {
          "fib":true,
          "ip":"10.0.1.2",
          "afi":"ipv4",
          "interfaceName":"eth-rt2",
          "active":true
        }
      ]
    }
  ],
  "5.5.5.5\/32":[
    {
      "prefix":"5.5.5.5\/32",
      "protocol":"isis",
      "selected":true,
      "destSelected":true,
      "installed":true,
      "nexthops":[
        {
          "fib":true,
          "ip":"10.0.1.2",
          "afi":"ipv4",
          "interfaceName":"eth-rt2",
          "active":true
        }
      ]
    }
  ]
}
