{
  "bindings":[
    {
      "addressFamily":"ipv4",
      "prefix":"1.1.1.1/32",
      "neighborId":"2.2.2.2",
      "inUse":1
    },
    {
      "addressFamily":"ipv4",
      "prefix":"2.2.2.2/32",
      "neighborId":"2.2.2.2",
      "remoteLabel":"imp-null",
      "inUse":1
    },
    {
      "addressFamily":"ipv4",
      "prefix":"3.3.3.3/32",
      "neighborId":"0.0.0.0",
      "localLabel":"imp-null",
      "remoteLabel":"-",
      "inUse":0
    },
    {
      "addressFamily":"ipv4",
      "prefix":"4.4.4.4/32",
      "neighborId":"0.0.0.0",
      "remoteLabel":"-",
      "inUse":0
    },
    {
      "addressFamily":"ipv4",
      "prefix":"10.0.1.0/24",
      "neighborId":"2.2.2.2",
      "remoteLabel":"imp-null",
      "inUse":1
    },
    {
      "addressFamily":"ipv4",
      "prefix":"10.0.2.0/24",
      "neighborId":"2.2.2.2",
      "localLabel":"imp-null",
      "remoteLabel":"imp-null",
      "inUse":0
    },
    {
      "addressFamily":"ipv4",
      "prefix":"10.0.3.0/24",
      "neighborId":"0.0.0.0",
      "localLabel":"imp-null",
      "remoteLabel":"-",
      "inUse":0
    },
    {
      "addressFamily":"ipv4",
      "prefix":"123.0.1.0/24",
      "neighborId":"2.2.2.2",
      "inUse":1
    }
  ]
}
