{
  "fc00:0:6b::/48": [
    {
      "prefix": "fc00:0:6b::/48",
      "prefixLen": 48,
      "protocol": "static",
      "selected": true,
      "nexthops": [
        {
          "flags": 133,
          "ip": "fc00:0:6::",
          "afi": "ipv6",
          "active":true,
          "recursive": true,
          "weight": 1,
          "srteColor": 1
        },
        {
          "flags": 3,
          "fib": true,
          "afi": "ipv6",
          "resolver": true,
          "active": true,
          "weight": 1,
          "seg6local": {
            "action": "unspec"
          },
          "seg6": [
            "fc00:0:3::",
            "fc00:0:5::",
            "fc00:0:6::"
          ]
        }
      ]
    }
  ]
}