{
  "frr-interface:lib": {
    "interface": [
      {
        "name": "eth-rt5-1",
        "vrf": "default",
        "state": {
          "frr-isisd:isis": {
            "adjacencies": {
              "adjacency": [
                {
                  "neighbor-sys-type": "level-1",
                  "neighbor-sysid": "0000.0000.0005",
                  "hold-timer": 10,
                  "neighbor-priority": 0,
                  "state": "up"
                }
              ]
            }
          }
        }
      },
      {
        "name": "eth-rt5-2",
        "vrf": "default",
        "state": {
          "frr-isisd:isis": {
            "adjacencies": {
              "adjacency": [
                {
                  "neighbor-sys-type": "level-1",
                  "neighbor-sysid": "0000.0000.0005",
                  "hold-timer": 10,
                  "neighbor-priority": 0,
                  "state": "up"
                }
              ]
            }
          }
        }
      },
      {
        "name": "eth-sw1",
        "vrf": "default",
        "state": {
          "frr-isisd:isis": {
            "adjacencies": {
              "adjacency": [
                {
                  "neighbor-sys-type": "level-1",
                  "neighbor-sysid": "0000.0000.0001",
                  "hold-timer": 10,
                  "neighbor-priority": 64,
                  "state": "up"
                },
                {
                  "neighbor-sys-type": "level-1",
                  "neighbor-sysid": "0000.0000.0002",
                  "hold-timer": 10,
                  "neighbor-priority": 64,
                  "state": "up"
                }
              ]
            }
          }
        }
      }
    ]
  }
}
