Codes: K - kernel route, C - connected, S - static, R - RIP,
       O - OSPF, I - IS-IS, B - BGP, P - PIM, E - EIGRP, N - NHRP,
       T - Table, v - VNC, V - VNC-Direct, A - Babel,
       > - selected route, * - FIB route

E   192.168.1.0/24 [0/0] is directly connected, r1-eth0
C>* 192.168.1.0/24 is directly connected, r1-eth0
E>* 192.168.3.0/24 [0/0] via 193.1.1.2, r1-eth1
E   193.1.1.0/26 [0/0] is directly connected, r1-eth1
C>* 193.1.1.0/26 is directly connected, r1-eth1
E>* 193.1.2.0/24 [0/0] via 193.1.1.2, r1-eth1
