{
  "20100": {
    "inLabel": 20100,
    "installed": true,
    "nexthops": [
      {
        "type": "SR (IS-IS)",
        "outLabel": 20100,
        "installed": true,
        "nexthop": "10.12.0.2"
      }
    ]
  },
  "20104": {
    "inLabel": 20104,
    "installed": true,
    "nexthops": [
      {
        "type": "SR (IS-IS)",
        "outLabel": 20104,
        "installed": true,
        "nexthop": "10.23.0.4"
      },
      {
        "type": "SR (IS-IS)",
        "outLabel": 20104,
        "installed": true,
        "nexthop": "10.12.0.2"
      }
    ]
  },
  "20109": {
    "inLabel": 20109,
    "installed": true,
    "nexthops": [
      {
        "type": "SR (IS-IS)",
        "outLabel": 20109,
        "installed": true,
        "nexthop": "10.23.0.4"
      }
    ]
  },
  "20300": {
    "inLabel": 20300,
    "installed": true,
    "nexthops": [
      {
        "type": "SR (IS-IS)",
        "outLabel": 20300,
        "installed": true,
        "nexthop": "10.12.0.2"
      }
    ]
  },
  "20305": {
    "inLabel": 20305,
    "installed": true,
    "nexthops": [
      {
        "type": "SR (IS-IS)",
        "outLabel": 20305,
        "installed": true,
        "nexthop": "10.12.0.2"
      }
    ]
  },
  "20306": {
    "inLabel": 20306,
    "installed": true,
    "nexthops": [
      {
        "type": "SR (IS-IS)",
        "outLabel": 20306,
        "installed": true,
        "nexthop": "10.23.0.4"
      },
      {
        "type": "SR (IS-IS)",
        "outLabel": 20306,
        "installed": true,
        "nexthop": "10.12.0.2"
      }
    ]
  },
  "20307": {
    "inLabel": 20307,
    "installed": true,
    "nexthops": [
      {
        "type": "SR (IS-IS)",
        "outLabel": 20307,
        "installed": true,
        "nexthop": "10.23.0.4"
      }
    ]
  },
  "20309": {
    "inLabel": 20309,
    "installed": true,
    "nexthops": [
      {
        "type": "SR (IS-IS)",
        "outLabel": 20309,
        "installed": true,
        "nexthop": "10.23.0.4"
      }
    ]
  },
  "21100": {
    "inLabel": 21100,
    "installed": true,
    "nexthops": [
      {
        "type": "SR (IS-IS)",
        "outLabel": 21100,
        "installed": true,
        "interface": "eth-1"
      }
    ]
  },
  "21104": {
    "inLabel": 21104,
    "installed": true,
    "nexthops": [
      {
        "type": "SR (IS-IS)",
        "outLabel": 21104,
        "installed": true,
        "interface": "eth-3"
      },
      {
        "type": "SR (IS-IS)",
        "outLabel": 21104,
        "installed": true,
        "interface": "eth-1"
      }
    ]
  },
  "21109": {
    "inLabel": 21109,
    "installed": true,
    "nexthops": [
      {
        "type": "SR (IS-IS)",
        "outLabel": 21109,
        "installed": true,
        "interface": "eth-3"
      }
    ]
  },
  "21300": {
    "inLabel": 21300,
    "installed": true,
    "nexthops": [
      {
        "type": "SR (IS-IS)",
        "outLabel": 21300,
        "installed": true,
        "interface": "eth-1"
      }
    ]
  },
  "21305": {
    "inLabel": 21305,
    "installed": true,
    "nexthops": [
      {
        "type": "SR (IS-IS)",
        "outLabel": 21305,
        "installed": true,
        "interface": "eth-1"
      }
    ]
  },
  "21306": {
    "inLabel": 21306,
    "installed": true,
    "nexthops": [
      {
        "type": "SR (IS-IS)",
        "outLabel": 21306,
        "installed": true,
        "interface": "eth-3"
      },
      {
        "type": "SR (IS-IS)",
        "outLabel": 21306,
        "installed": true,
        "interface": "eth-1"
      }
    ]
  },
  "21307": {
    "inLabel": 21307,
    "installed": true,
    "nexthops": [
      {
        "type": "SR (IS-IS)",
        "outLabel": 21307,
        "installed": true,
        "interface": "eth-3"
      }
    ]
  },
  "21309": {
    "inLabel": 21309,
    "installed": true,
    "nexthops": [
      {
        "type": "SR (IS-IS)",
        "outLabel": 21309,
        "installed": true,
        "interface": "eth-3"
      }
    ]
  }
}
