{
  "16010":{
    "inLabel":16010,
    "installed":true,
    "nexthops":[
      {
        "type":"SR (IS-IS)",
        "outLabel":3,
        "installed":true
      }
    ]
  },
  "16011":{
    "inLabel":16011,
    "installed":true,
    "nexthops":[
      {
        "type":"SR (IS-IS)",
        "outLabel":3,
        "installed":true
      }
    ]
  },
  "16020":{
    "inLabel":16020,
    "installed":true,
    "nexthops":[
      {
        "type":"SR (IS-IS)",
        "outLabel":16020,
        "installed":true,
        "nexthop":"10.0.1.2"
      }
    ]
  },
  "16021":{
    "inLabel":16021,
    "installed":true,
    "nexthops":[
      {
        "type":"SR (IS-IS)",
        "outLabel":16021,
        "installed":true,
        "interface":"eth-sw1"
      }
    ]
  },
  "16030":{
    "inLabel":16030,
    "installed":true,
    "nexthops":[
      {
        "type":"SR (IS-IS)",
        "outLabel":17030,
        "installed":true,
        "nexthop":"10.0.1.3"
      }
    ]
  },
  "16031":{
    "inLabel":16031,
    "installed":true,
    "nexthops":[
      {
        "type":"SR (IS-IS)",
        "outLabel":17031,
        "installed":true,
        "interface":"eth-sw1"
      }
    ]
  },
  "16040":{
    "inLabel":16040,
    "installed":true,
    "nexthops":[
      {
        "type":"SR (IS-IS)",
        "outLabel":16040,
        "installed":true,
        "nexthop":"10.0.1.2"
      }
    ]
  },
  "16041":{
    "inLabel":16041,
    "installed":true,
    "nexthops":[
      {
        "type":"SR (IS-IS)",
        "outLabel":16041,
        "installed":true,
        "interface":"eth-sw1"
      }
    ]
  },
  "16050":{
    "inLabel":16050,
    "installed":true,
    "nexthops":[
      {
        "type":"SR (IS-IS)",
        "outLabel":17050,
        "installed":true,
        "nexthop":"10.0.1.3"
      }
    ]
  },
  "16051":{
    "inLabel":16051,
    "installed":true,
    "nexthops":[
      {
        "type":"SR (IS-IS)",
        "outLabel":17051,
        "installed":true,
        "interface":"eth-sw1"
      }
    ]
  },
  "16060":{
    "inLabel":16060,
    "installed":true,
    "nexthops":[
      {
        "type":"SR (IS-IS)",
        "outLabel":16060,
        "installed":true,
        "nexthop":"10.0.1.2"
      },
      {
        "type":"SR (IS-IS)",
        "outLabel":17060,
        "installed":true,
        "nexthop":"10.0.1.3"
      }
    ]
  },
  "16061":{
    "inLabel":16061,
    "installed":true,
    "nexthops":[
      {
        "type":"SR (IS-IS)",
        "outLabel":16061,
        "installed":true,
        "interface":"eth-sw1"
      },
      {
        "type":"SR (IS-IS)",
        "outLabel":17061,
        "installed":true,
        "interface":"eth-sw1"
      }
    ]
  },
  "16100":{
    "inLabel":16100,
    "installed":true,
    "nexthops":[
      {
        "type":"SR (IS-IS)",
        "outLabel":16100,
        "installed":true,
        "nexthop":"10.0.1.2"
      },
      {
        "type":"SR (IS-IS)",
        "outLabel":17100,
        "installed":true,
        "nexthop":"10.0.1.3"
      }
    ]
  },
  "16101":{
    "inLabel":16101,
    "installed":true,
    "nexthops":[
      {
        "type":"SR (IS-IS)",
        "outLabel":16101,
        "installed":true,
        "interface":"eth-sw1"
      },
      {
        "type":"SR (IS-IS)",
        "outLabel":17101,
        "installed":true,
        "interface":"eth-sw1"
      }
    ]
  }
}
