{
  "2001:db8:1000::2\/128":[
    {
      "prefix":"2001:db8:1000::2\/128",
      "protocol":"isis",
      "selected":true,
      "destSelected":true,
      "distance":115,
      "metric":20,
      "installed":true,
      "nexthops":[
        {
          "fib":true,
          "afi":"ipv6",
          "interfaceName":"eth-sw1",
          "active":true,
          "labels":[
            3
          ]
        }
      ]
    }
  ],
  "2001:db8:1000::3\/128":[
    {
      "prefix":"2001:db8:1000::3\/128",
      "protocol":"isis",
      "selected":true,
      "destSelected":true,
      "distance":115,
      "metric":20,
      "installed":true,
      "nexthops":[
        {
          "fib":true,
          "afi":"ipv6",
          "interfaceName":"eth-sw1",
          "active":true,
          "labels":[
            3
          ]
        }
      ]
    }
  ],
  "2001:db8:1000::4\/128":[
    {
      "prefix":"2001:db8:1000::4\/128",
      "protocol":"isis",
      "selected":true,
      "destSelected":true,
      "distance":115,
      "metric":30,
      "installed":true,
      "nexthops":[
        {
          "fib":true,
          "afi":"ipv6",
          "interfaceName":"eth-sw1",
          "active":true,
          "labels":[
            16041
          ]
        }
      ]
    }
  ],
  "2001:db8:1000::5\/128":[
    {
      "prefix":"2001:db8:1000::5\/128",
      "protocol":"isis",
      "selected":true,
      "destSelected":true,
      "distance":115,
      "metric":30,
      "installed":true,
      "nexthops":[
        {
          "fib":true,
          "afi":"ipv6",
          "interfaceName":"eth-sw1",
          "active":true,
          "labels":[
            16051
          ]
        }
      ]
    }
  ],
  "2001:db8:1000::6\/128":[
    {
      "prefix":"2001:db8:1000::6\/128",
      "protocol":"isis",
      "selected":true,
      "destSelected":true,
      "distance":115,
      "metric":40,
      "installed":true,
      "nexthops":[
        {
          "fib":true,
          "afi":"ipv6",
          "interfaceName":"eth-sw1",
          "active":true,
          "labels":[
            16061
          ]
        },
        {
          "fib":true,
          "afi":"ipv6",
          "interfaceName":"eth-sw1",
          "active":true,
          "labels":[
            16061
          ]
        }
      ]
    }
  ]
}
